Archive member included to satisfy reference by file (symbol)

C:/NXP/S32DS.3.5/S32DS/build_tools/gcc_b1620/gcc-6.3-arm32-eabi/arm-none-eabi/newlib/lib/thumb/v7e-m/fpv4-sp/hard\libc_nano.a(lib_a-exit.o)
                              C:/NXP/S32DS.3.5/S32DS/build_tools/gcc_b1620/gcc-6.3-arm32-eabi/arm-none-eabi/newlib/lib/thumb/v7e-m/fpv4-sp/hard/crt0.o (exit)
C:/NXP/S32DS.3.5/S32DS/build_tools/gcc_b1620/gcc-6.3-arm32-eabi/arm-none-eabi/newlib/lib/thumb/v7e-m/fpv4-sp/hard\libc_nano.a(lib_a-impure.o)
                              C:/NXP/S32DS.3.5/S32DS/build_tools/gcc_b1620/gcc-6.3-arm32-eabi/arm-none-eabi/newlib/lib/thumb/v7e-m/fpv4-sp/hard\libc_nano.a(lib_a-exit.o) (_global_impure_ptr)
C:/NXP/S32DS.3.5/S32DS/build_tools/gcc_b1620/gcc-6.3-arm32-eabi/arm-none-eabi/newlib/lib/thumb/v7e-m/fpv4-sp/hard\libc_nano.a(lib_a-init.o)
                              C:/NXP/S32DS.3.5/S32DS/build_tools/gcc_b1620/gcc-6.3-arm32-eabi/arm-none-eabi/newlib/lib/thumb/v7e-m/fpv4-sp/hard/crt0.o (__libc_init_array)
C:/NXP/S32DS.3.5/S32DS/build_tools/gcc_b1620/gcc-6.3-arm32-eabi/arm-none-eabi/newlib/lib/thumb/v7e-m/fpv4-sp/hard\libc_nano.a(lib_a-memcpy-stub.o)
                              ./SDK/rtos/FreeRTOS/Source/queue.o (memcpy)
C:/NXP/S32DS.3.5/S32DS/build_tools/gcc_b1620/gcc-6.3-arm32-eabi/arm-none-eabi/newlib/lib/thumb/v7e-m/fpv4-sp/hard\libc_nano.a(lib_a-memset.o)
                              C:/NXP/S32DS.3.5/S32DS/build_tools/gcc_b1620/gcc-6.3-arm32-eabi/arm-none-eabi/newlib/lib/thumb/v7e-m/fpv4-sp/hard/crt0.o (memset)
C:/NXP/S32DS.3.5/S32DS/build_tools/gcc_b1620/gcc-6.3-arm32-eabi/arm-none-eabi/newlib/lib/thumb/v7e-m/fpv4-sp/hard\libc_nano.a(lib_a-strlen.o)
                              ./SDK/rtos/FreeRTOS/Source/tasks.o (strlen)
C:/NXP/S32DS.3.5/S32DS/build_tools/gcc_b1620/gcc-6.3-arm32-eabi/arm-none-eabi/newlib/lib/thumb/v7e-m/fpv4-sp/hard\libnosys.a(_exit.o)
                              C:/NXP/S32DS.3.5/S32DS/build_tools/gcc_b1620/gcc-6.3-arm32-eabi/arm-none-eabi/newlib/lib/thumb/v7e-m/fpv4-sp/hard\libc_nano.a(lib_a-exit.o) (_exit)

Discarded input sections

 .text          0x00000000        0x0 c:/nxp/s32ds.3.5/s32ds/build_tools/gcc_b1620/gcc-6.3-arm32-eabi/bin/../lib/gcc/arm-none-eabi/6.3.1/thumb/v7e-m/fpv4-sp/hard/crti.o
 .data          0x00000000        0x0 c:/nxp/s32ds.3.5/s32ds/build_tools/gcc_b1620/gcc-6.3-arm32-eabi/bin/../lib/gcc/arm-none-eabi/6.3.1/thumb/v7e-m/fpv4-sp/hard/crti.o
 .bss           0x00000000        0x0 c:/nxp/s32ds.3.5/s32ds/build_tools/gcc_b1620/gcc-6.3-arm32-eabi/bin/../lib/gcc/arm-none-eabi/6.3.1/thumb/v7e-m/fpv4-sp/hard/crti.o
 .text          0x00000000       0xa4 c:/nxp/s32ds.3.5/s32ds/build_tools/gcc_b1620/gcc-6.3-arm32-eabi/bin/../lib/gcc/arm-none-eabi/6.3.1/thumb/v7e-m/fpv4-sp/hard/crtbegin.o
 .data          0x00000000        0x4 c:/nxp/s32ds.3.5/s32ds/build_tools/gcc_b1620/gcc-6.3-arm32-eabi/bin/../lib/gcc/arm-none-eabi/6.3.1/thumb/v7e-m/fpv4-sp/hard/crtbegin.o
 .bss           0x00000000       0x1c c:/nxp/s32ds.3.5/s32ds/build_tools/gcc_b1620/gcc-6.3-arm32-eabi/bin/../lib/gcc/arm-none-eabi/6.3.1/thumb/v7e-m/fpv4-sp/hard/crtbegin.o
 .init_array    0x00000000        0x4 c:/nxp/s32ds.3.5/s32ds/build_tools/gcc_b1620/gcc-6.3-arm32-eabi/bin/../lib/gcc/arm-none-eabi/6.3.1/thumb/v7e-m/fpv4-sp/hard/crtbegin.o
 .fini_array    0x00000000        0x4 c:/nxp/s32ds.3.5/s32ds/build_tools/gcc_b1620/gcc-6.3-arm32-eabi/bin/../lib/gcc/arm-none-eabi/6.3.1/thumb/v7e-m/fpv4-sp/hard/crtbegin.o
 .eh_frame      0x00000000        0x0 c:/nxp/s32ds.3.5/s32ds/build_tools/gcc_b1620/gcc-6.3-arm32-eabi/bin/../lib/gcc/arm-none-eabi/6.3.1/thumb/v7e-m/fpv4-sp/hard/crtbegin.o
 .jcr           0x00000000        0x0 c:/nxp/s32ds.3.5/s32ds/build_tools/gcc_b1620/gcc-6.3-arm32-eabi/bin/../lib/gcc/arm-none-eabi/6.3.1/thumb/v7e-m/fpv4-sp/hard/crtbegin.o
 .tm_clone_table
                0x00000000        0x0 c:/nxp/s32ds.3.5/s32ds/build_tools/gcc_b1620/gcc-6.3-arm32-eabi/bin/../lib/gcc/arm-none-eabi/6.3.1/thumb/v7e-m/fpv4-sp/hard/crtbegin.o
 .comment       0x00000000       0x7f c:/nxp/s32ds.3.5/s32ds/build_tools/gcc_b1620/gcc-6.3-arm32-eabi/bin/../lib/gcc/arm-none-eabi/6.3.1/thumb/v7e-m/fpv4-sp/hard/crtbegin.o
 .ARM.attributes
                0x00000000       0x34 c:/nxp/s32ds.3.5/s32ds/build_tools/gcc_b1620/gcc-6.3-arm32-eabi/bin/../lib/gcc/arm-none-eabi/6.3.1/thumb/v7e-m/fpv4-sp/hard/crtbegin.o
 .text          0x00000000       0x7c C:/NXP/S32DS.3.5/S32DS/build_tools/gcc_b1620/gcc-6.3-arm32-eabi/arm-none-eabi/newlib/lib/thumb/v7e-m/fpv4-sp/hard/crt0.o
 .data          0x00000000        0x0 C:/NXP/S32DS.3.5/S32DS/build_tools/gcc_b1620/gcc-6.3-arm32-eabi/arm-none-eabi/newlib/lib/thumb/v7e-m/fpv4-sp/hard/crt0.o
 .bss           0x00000000        0x0 C:/NXP/S32DS.3.5/S32DS/build_tools/gcc_b1620/gcc-6.3-arm32-eabi/arm-none-eabi/newlib/lib/thumb/v7e-m/fpv4-sp/hard/crt0.o
 .ARM.extab     0x00000000        0x0 C:/NXP/S32DS.3.5/S32DS/build_tools/gcc_b1620/gcc-6.3-arm32-eabi/arm-none-eabi/newlib/lib/thumb/v7e-m/fpv4-sp/hard/crt0.o
[...]
Memory Configuration

Name             Origin             Length             Attributes
m_interrupts     0x00000000         0x00000400         xr
m_flash_config   0x00000400         0x00000010         xr
m_text           0x00000410         0x000ffbf0         xr
m_data           0x1fff0000         0x00010000         rw
m_data_2         0x20000000         0x0000f000         rw
*default*        0x00000000         0xffffffff

Linker script and memory map

LOAD c:/nxp/s32ds.3.5/s32ds/build_tools/gcc_b1620/gcc-6.3-arm32-eabi/bin/../lib/gcc/arm-none-eabi/6.3.1/thumb/v7e-m/fpv4-sp/hard/crti.o
LOAD c:/nxp/s32ds.3.5/s32ds/build_tools/gcc_b1620/gcc-6.3-arm32-eabi/bin/../lib/gcc/arm-none-eabi/6.3.1/thumb/v7e-m/fpv4-sp/hard/crtbegin.o
LOAD C:/NXP/S32DS.3.5/S32DS/build_tools/gcc_b1620/gcc-6.3-arm32-eabi/arm-none-eabi/newlib/lib/thumb/v7e-m/fpv4-sp/hard/crt0.o
LOAD ./Project_Settings/Startup_Code/startup_S32K146.o
LOAD ./SDK/platform/devices/S32K146/startup/system_S32K146.o
LOAD ./SDK/platform/devices/startup.o
LOAD ./SDK/platform/drivers/src/clock/S32K1xx/clock_S32K1xx.o
LOAD ./SDK/platform/drivers/src/interrupt/interrupt_manager.o
LOAD ./SDK/platform/drivers/src/pins/pins_driver.o
LOAD ./SDK/platform/drivers/src/pins/pins_port_hw_access.o
LOAD ./SDK/rtos/FreeRTOS/Source/croutine.o
LOAD ./SDK/rtos/FreeRTOS/Source/event_groups.o
LOAD ./SDK/rtos/FreeRTOS/Source/list.o
LOAD ./SDK/rtos/FreeRTOS/Source/queue.o
LOAD ./SDK/rtos/FreeRTOS/Source/stream_buffer.o
LOAD ./SDK/rtos/FreeRTOS/Source/tasks.o
LOAD ./SDK/rtos/FreeRTOS/Source/timers.o
LOAD ./SDK/rtos/FreeRTOS/Source/portable/GCC/ARM_CM4F/port.o
LOAD ./SDK/rtos/FreeRTOS/Source/portable/MemMang/heap_1.o
LOAD ./board/clock_config.o
LOAD ./board/peripherals_FreeRTOS.o
LOAD ./board/pin_mux.o
LOAD ./src/Cxpi.o
LOAD ./src/Lpuart.o
LOAD ./src/Pwm_Ftm.o
LOAD ./src/main.o
LOAD ./src/rtos.o
START GROUP
LOAD c:/nxp/s32ds.3.5/s32ds/build_tools/gcc_b1620/gcc-6.3-arm32-eabi/bin/../lib/gcc/arm-none-eabi/6.3.1/thumb/v7e-m/fpv4-sp/hard\libgcc.a
LOAD C:/NXP/S32DS.3.5/S32DS/build_tools/gcc_b1620/gcc-6.3-arm32-eabi/arm-none-eabi/newlib/lib/thumb/v7e-m/fpv4-sp/hard\libc_nano.a
END GROUP
START GROUP
LOAD c:/nxp/s32ds.3.5/s32ds/build_tools/gcc_b1620/gcc-6.3-arm32-eabi/bin/../lib/gcc/arm-none-eabi/6.3.1/thumb/v7e-m/fpv4-sp/hard\libgcc.a
LOAD C:/NXP/S32DS.3.5/S32DS/build_tools/gcc_b1620/gcc-6.3-arm32-eabi/arm-none-eabi/newlib/lib/thumb/v7e-m/fpv4-sp/hard\libc_nano.a
LOAD C:/NXP/S32DS.3.5/S32DS/build_tools/gcc_b1620/gcc-6.3-arm32-eabi/arm-none-eabi/newlib/lib/thumb/v7e-m/fpv4-sp/hard\libnosys.a
END GROUP
START GROUP
LOAD c:/nxp/s32ds.3.5/s32ds/build_tools/gcc_b1620/gcc-6.3-arm32-eabi/bin/../lib/gcc/arm-none-eabi/6.3.1/thumb/v7e-m/fpv4-sp/hard\libgcc.a
LOAD C:/NXP/S32DS.3.5/S32DS/build_tools/gcc_b1620/gcc-6.3-arm32-eabi/arm-none-eabi/newlib/lib/thumb/v7e-m/fpv4-sp/hard\libc_nano.a
LOAD C:/NXP/S32DS.3.5/S32DS/build_tools/gcc_b1620/gcc-6.3-arm32-eabi/arm-none-eabi/newlib/lib/thumb/v7e-m/fpv4-sp/hard\libnosys.a
END GROUP
LOAD c:/nxp/s32ds.3.5/s32ds/build_tools/gcc_b1620/gcc-6.3-arm32-eabi/bin/../lib/gcc/arm-none-eabi/6.3.1/thumb/v7e-m/fpv4-sp/hard/crtend.o
LOAD c:/nxp/s32ds.3.5/s32ds/build_tools/gcc_b1620/gcc-6.3-arm32-eabi/bin/../lib/gcc/arm-none-eabi/6.3.1/thumb/v7e-m/fpv4-sp/hard/crtn.o
                0x00000400                HEAP_SIZE = DEFINED (__heap_size__)?__heap_size__:0x400
                0x00000400                STACK_SIZE = DEFINED (__stack_size__)?__stack_size__:0x400
                0x00000400                M_VECTOR_RAM_SIZE = DEFINED (__flash_vector_table__)?0x0:0x400

.interrupts     0x00000000      0x400
                0x00000000                __VECTOR_TABLE = .
                0x00000000                __interrupts_start__ = .
                0x00000000                . = ALIGN (0x4)
 *(.isr_vector)
 .isr_vector    0x00000000      0x400 ./Project_Settings/Startup_Code/startup_S32K146.o
                0x00000000                __isr_vector
                0x00000400                __interrupts_end__ = .
                0x00000400                . = ALIGN (0x4)

.flash_config   0x00000400       0x10
                0x00000400                . = ALIGN (0x4)
 *(.FlashConfig)
 .FlashConfig   0x00000400       0x10 ./Project_Settings/Startup_Code/startup_S32K146.o
                0x00000410                . = ALIGN (0x4)

.text           0x00000410     0x302c
                0x00000410                . = ALIGN (0x4)
 *(.text)
 .text          0x00000410       0x6c ./Project_Settings/Startup_Code/startup_S32K146.o
                0x00000410                Reset_Handler
                0x00000478                FTM5_Ch2_Ch3_IRQHandler
                0x00000478                DebugMon_Handler
                0x00000478                Reserved88_IRQHandler
                0x00000478                CAN0_ORed_IRQHandler
                0x00000478                HardFault_Handler
                0x00000478                Reserved86_IRQHandler
                0x00000478                Reserved103_IRQHandler
                0x00000478                FTM2_Ovf_Reload_IRQHandler
                0x00000478                Reserved50_IRQHandler
                0x00000478                FTFC_Fault_IRQHandler
                0x00000478                FTM0_Ch6_Ch7_IRQHandler
                0x00000478                Reserved114_IRQHandler
                0x00000478                NMI_Handler
                0x00000478                Reserved89_IRQHandler
                0x00000478                ERM_double_fault_IRQHandler
                0x00000478                DMA2_IRQHandler
                0x00000478                Reserved59_IRQHandler
                0x00000478                LPIT0_Ch0_IRQHandler
                0x00000478                Reserved99_IRQHandler
                0x00000478                FTM3_Ch6_Ch7_IRQHandler
                0x00000478                CAN2_ORed_0_15_MB_IRQHandler
                0x00000478                LPIT0_Ch3_IRQHandler
                0x00000478                Reserved92_IRQHandler
                0x00000478                FTM0_Ch4_Ch5_IRQHandler
                0x00000478                CAN1_Error_IRQHandler
                0x00000478                FTM4_Ch6_Ch7_IRQHandler
                0x00000478                FTM3_Ch0_Ch1_IRQHandler
                0x00000478                SWI_IRQHandler
                0x00000478                ADC0_IRQHandler
                0x00000478                FTM2_Ch4_Ch5_IRQHandler
                0x00000478                UsageFault_Handler
                0x00000478                FTM0_Ovf_Reload_IRQHandler
                0x00000478                FTM4_Fault_IRQHandler
                0x00000478                DefaultISR
                0x00000478                DMA9_IRQHandler
                0x00000478                Reserved58_IRQHandler
                0x00000478                CAN1_ORed_0_15_MB_IRQHandler
                0x00000478                FTM1_Ch2_Ch3_IRQHandler
                0x00000478                DMA14_IRQHandler
                0x00000478                Reserved82_IRQHandler
                0x00000478                CAN0_ORed_16_31_MB_IRQHandler
                0x00000478                LPI2C0_Slave_IRQHandler
                0x00000478                Reserved71_IRQHandler
                0x00000478                PORTD_IRQHandler
                0x00000478                Reserved69_IRQHandler
                0x00000478                PORTB_IRQHandler
                0x00000478                Reserved70_IRQHandler
                0x00000478                ADC1_IRQHandler
                0x00000478                FTM2_Ch2_Ch3_IRQHandler
                0x00000478                FTM5_Ch0_Ch1_IRQHandler
                0x00000478                Reserved53_IRQHandler
                0x00000478                DMA5_IRQHandler
                0x00000478                RTC_IRQHandler
                0x00000478                PDB0_IRQHandler
                0x00000478                Reserved54_IRQHandler
                0x00000478                FTM2_Ch6_Ch7_IRQHandler
                0x00000478                FTM3_Ch2_Ch3_IRQHandler
                0x00000478                FTM2_Ch0_Ch1_IRQHandler
                0x00000478                LPSPI1_IRQHandler
                0x00000478                LPUART1_RxTx_IRQHandler
                0x00000478                FTM4_Ovf_Reload_IRQHandler
                0x00000478                RTC_Seconds_IRQHandler
                0x00000478                CAN2_ORed_IRQHandler
                0x00000478                Reserved72_IRQHandler
                0x00000478                Reserved110_IRQHandler
                0x00000478                DMA11_IRQHandler
                0x00000478                Reserved107_IRQHandler
                0x00000478                Read_Collision_IRQHandler
                0x00000478                CAN2_Error_IRQHandler
                0x00000478                FTFC_IRQHandler
                0x00000478                DMA7_IRQHandler
                0x00000478                FTM1_Ch6_Ch7_IRQHandler
                0x00000478                FTM5_Fault_IRQHandler
                0x00000478                LPIT0_Ch1_IRQHandler
                0x00000478                FTM4_Ch0_Ch1_IRQHandler
                0x00000478                FTM1_Ch4_Ch5_IRQHandler
                0x00000478                FTM3_Ovf_Reload_IRQHandler
                0x00000478                LPUART2_RxTx_IRQHandler
                0x00000478                FTM5_Ch4_Ch5_IRQHandler
                0x00000478                LPSPI0_IRQHandler
                0x00000478                WDOG_EWM_IRQHandler
                0x00000478                MemManage_Handler
                0x00000478                Reserved90_IRQHandler
                0x00000478                Reserved83_IRQHandler
                0x00000478                FTM0_Fault_IRQHandler
                0x00000478                Reserved48_IRQHandler
                0x00000478                ERM_single_fault_IRQHandler
                0x00000478                FTM2_Fault_IRQHandler
                0x00000478                FTM0_Ch2_Ch3_IRQHandler
                0x00000478                DMA13_IRQHandler
                0x00000478                FTM4_Ch2_Ch3_IRQHandler
                0x00000478                FTM0_Ch0_Ch1_IRQHandler
                0x00000478                FTM4_Ch4_Ch5_IRQHandler
                0x00000478                FTM5_Ovf_Reload_IRQHandler
                0x00000478                FTM3_Fault_IRQHandler
                0x00000478                RCM_IRQHandler
                0x00000478                DMA3_IRQHandler
                0x00000478                Reserved100_IRQHandler
                0x00000478                DMA0_IRQHandler
                0x00000478                Reserved91_IRQHandler
                0x00000478                CAN1_ORed_IRQHandler
                0x00000478                DMA15_IRQHandler
                0x00000478                SCG_IRQHandler
                0x00000478                PDB1_IRQHandler
                0x00000478                Reserved81_IRQHandler
                0x00000478                Reserved46_IRQHandler
                0x00000478                Reserved45_IRQHandler
                0x00000478                CAN0_Error_IRQHandler
                0x00000478                Reserved112_IRQHandler
                0x00000478                LPI2C0_Master_IRQHandler
                0x00000478                DMA4_IRQHandler
                0x00000478                FTM1_Fault_IRQHandler
                0x00000478                Reserved106_IRQHandler
                0x00000478                DMA_Error_IRQHandler
                0x00000478                LVD_LVW_IRQHandler
                0x00000478                LPIT0_Ch2_IRQHandler
                0x00000478                PORTA_IRQHandler
                0x00000478                FTM5_Ch6_Ch7_IRQHandler
                0x00000478                CAN1_ORed_16_31_MB_IRQHandler
                0x00000478                MCM_IRQHandler
                0x00000478                LPSPI2_IRQHandler
                0x00000478                DMA12_IRQHandler
                0x00000478                FTM3_Ch4_Ch5_IRQHandler
                0x00000478                CAN0_ORed_0_15_MB_IRQHandler
                0x00000478                PORTE_IRQHandler
                0x00000478                LPUART0_RxTx_IRQHandler
                0x00000478                LPTMR0_IRQHandler
                0x00000478                BusFault_Handler
                0x00000478                Reserved87_IRQHandler
                0x00000478                FTM1_Ovf_Reload_IRQHandler
                0x00000478                DMA8_IRQHandler
                0x00000478                Reserved93_IRQHandler
                0x00000478                DMA10_IRQHandler
                0x00000478                CAN0_Wake_Up_IRQHandler
                0x00000478                CMP0_IRQHandler
                0x00000478                Reserved52_IRQHandler
                0x00000478                PORTC_IRQHandler
                0x00000478                DMA6_IRQHandler
                0x00000478                FTM1_Ch0_Ch1_IRQHandler
                0x00000478                FLEXIO_IRQHandler
                0x00000478                DMA1_IRQHandler
                0x00000478                Reserved113_IRQHandler
 *(.text*)
 .text.SystemInit
                0x0000047c       0x30 ./SDK/platform/devices/S32K146/startup/system_S32K146.o
                0x0000047c                SystemInit
 .text.init_data_bss
                0x000004ac       0xd8 ./SDK/platform/devices/startup.o
                0x000004ac                init_data_bss
 .text.CLOCK_SYS_GetCurrentRunMode
                0x00000584       0x24 ./SDK/platform/drivers/src/clock/S32K1xx/clock_S32K1xx.o
 .text.CLOCK_SYS_GetSysOscFreq
                0x000005a8       0x1c ./SDK/platform/drivers/src/clock/S32K1xx/clock_S32K1xx.o
 .text.CLOCK_SYS_ConfigureSOSC
                0x000005c4      0x12c ./SDK/platform/drivers/src/clock/S32K1xx/clock_S32K1xx.o
 .text.CLOCK_SYS_GetSircFreq
                0x000006f0       0x2c ./SDK/platform/drivers/src/clock/S32K1xx/clock_S32K1xx.o
 .text.CLOCK_SYS_ConfigureSIRC
                0x0000071c       0xc4 ./SDK/platform/drivers/src/clock/S32K1xx/clock_S32K1xx.o
 .text.CLOCK_SYS_GetFircFreq
                0x000007e0       0x20 ./SDK/platform/drivers/src/clock/S32K1xx/clock_S32K1xx.o
 .text.CLOCK_SYS_ConfigureFIRC
                0x00000800       0xb4 ./SDK/platform/drivers/src/clock/S32K1xx/clock_S32K1xx.o
 .text.CLOCK_SYS_GetSysPllFreq
                0x000008b4       0x44 ./SDK/platform/drivers/src/clock/S32K1xx/clock_S32K1xx.o
 .text.CLOCK_SYS_ConfigureSPLL
                0x000008f8      0x12c ./SDK/platform/drivers/src/clock/S32K1xx/clock_S32K1xx.o
 .text.CLOCK_SYS_SetSystemClockConfig
                0x00000a24      0x204 ./SDK/platform/drivers/src/clock/S32K1xx/clock_S32K1xx.o
 .text.CLOCK_SYS_TransitionSystemClock
                0x00000c28       0x54 ./SDK/platform/drivers/src/clock/S32K1xx/clock_S32K1xx.o
 .text.CLOCK_DRV_Init
                0x00000c7c      0x634 ./SDK/platform/drivers/src/clock/S32K1xx/clock_S32K1xx.o
                0x00000c7c                CLOCK_DRV_Init
 .text.CLOCK_SYS_Init
                0x000012b0       0x28 ./SDK/platform/drivers/src/clock/S32K1xx/clock_S32K1xx.o
                0x000012b0                CLOCK_SYS_Init
 .text.CLOCK_SYS_UpdateConfiguration
                0x000012d8       0xf4 ./SDK/platform/drivers/src/clock/S32K1xx/clock_S32K1xx.o
                0x000012d8                CLOCK_SYS_UpdateConfiguration
 .text.INT_SYS_InstallHandler
                0x000013cc       0x60 ./SDK/platform/drivers/src/interrupt/interrupt_manager.o
                0x000013cc                INT_SYS_InstallHandler
 .text.INT_SYS_EnableIRQ
                0x0000142c       0x28 ./SDK/platform/drivers/src/interrupt/interrupt_manager.o
                0x0000142c                INT_SYS_EnableIRQ
 .text.INT_SYS_EnableIRQGlobal
                0x00001454       0x1c ./SDK/platform/drivers/src/interrupt/interrupt_manager.o
                0x00001454                INT_SYS_EnableIRQGlobal
 .text.INT_SYS_DisableIRQGlobal
                0x00001470       0x10 ./SDK/platform/drivers/src/interrupt/interrupt_manager.o
                0x00001470                INT_SYS_DisableIRQGlobal
 .text.INT_SYS_SetPriority
                0x00001480       0x70 ./SDK/platform/drivers/src/interrupt/interrupt_manager.o
                0x00001480                INT_SYS_SetPriority
 .text.vListInitialise
                0x000014f0       0x16 ./SDK/rtos/FreeRTOS/Source/list.o
                0x000014f0                vListInitialise
 .text.vListInitialiseItem
                0x00001506        0x6 ./SDK/rtos/FreeRTOS/Source/list.o
                0x00001506                vListInitialiseItem
 .text.vListInsertEnd
                0x0000150c       0x18 ./SDK/rtos/FreeRTOS/Source/list.o
                0x0000150c                vListInsertEnd
 .text.vListInsert
                0x00001524       0x34 ./SDK/rtos/FreeRTOS/Source/list.o
                0x00001524                vListInsert
 .text.uxListRemove
                0x00001558       0x26 ./SDK/rtos/FreeRTOS/Source/list.o
                0x00001558                uxListRemove
 .text.prvIsQueueEmpty
                0x0000157e       0x16 ./SDK/rtos/FreeRTOS/Source/queue.o
 .text.prvCopyDataToQueue
                0x00001594       0x76 ./SDK/rtos/FreeRTOS/Source/queue.o
 .text.prvCopyDataFromQueue
                0x0000160a       0x24 ./SDK/rtos/FreeRTOS/Source/queue.o
 .text.prvUnlockQueue
                0x0000162e       0x82 ./SDK/rtos/FreeRTOS/Source/queue.o
 .text.xQueueGenericReset
                0x000016b0       0x80 ./SDK/rtos/FreeRTOS/Source/queue.o
                0x000016b0                xQueueGenericReset
 .text.xQueueGenericCreate
                0x00001730       0x44 ./SDK/rtos/FreeRTOS/Source/queue.o
                0x00001730                xQueueGenericCreate
 .text.xQueueGenericSend
                0x00001774      0x188 ./SDK/rtos/FreeRTOS/Source/queue.o
                0x00001774                xQueueGenericSend
 .text.xQueueGenericSendFromISR
                0x000018fc       0xd6 ./SDK/rtos/FreeRTOS/Source/queue.o
                0x000018fc                xQueueGenericSendFromISR
 *fill*         0x000019d2        0x2 
 .text.xQueueReceive
                0x000019d4      0x158 ./SDK/rtos/FreeRTOS/Source/queue.o
                0x000019d4                xQueueReceive
 .text.vQueueAddToRegistry
                0x00001b2c       0x34 ./SDK/rtos/FreeRTOS/Source/queue.o
                0x00001b2c                vQueueAddToRegistry
 .text.vQueueWaitForMessageRestricted
                0x00001b60       0x4e ./SDK/rtos/FreeRTOS/Source/queue.o
                0x00001b60                vQueueWaitForMessageRestricted
 *fill*         0x00001bae        0x2 
 .text.prvResetNextTaskUnblockTime
                0x00001bb0       0x2c ./SDK/rtos/FreeRTOS/Source/tasks.o
 .text.prvAddCurrentTaskToDelayedList
                0x00001bdc       0xa0 ./SDK/rtos/FreeRTOS/Source/tasks.o
 .text.prvIdleTask
                0x00001c7c       0x74 ./SDK/rtos/FreeRTOS/Source/tasks.o
 .text.xTaskCreate
                0x00001cf0      0x1f4 ./SDK/rtos/FreeRTOS/Source/tasks.o
                0x00001cf0                xTaskCreate
 .text.vTaskStartScheduler
                0x00001ee4       0x84 ./SDK/rtos/FreeRTOS/Source/tasks.o
                0x00001ee4                vTaskStartScheduler
 .text.vTaskSuspendAll
                0x00001f68       0x10 ./SDK/rtos/FreeRTOS/Source/tasks.o
                0x00001f68                vTaskSuspendAll
 .text.xTaskGetTickCount
                0x00001f78        0xc ./SDK/rtos/FreeRTOS/Source/tasks.o
                0x00001f78                xTaskGetTickCount
 .text.xTaskIncrementTick
                0x00001f84      0x138 ./SDK/rtos/FreeRTOS/Source/tasks.o
                0x00001f84                xTaskIncrementTick
 .text.xTaskResumeAll
                0x000020bc      0x100 ./SDK/rtos/FreeRTOS/Source/tasks.o
                0x000020bc                xTaskResumeAll
 .text.vTaskDelay
                0x000021bc       0x4c ./SDK/rtos/FreeRTOS/Source/tasks.o
                0x000021bc                vTaskDelay
 .text.vTaskSwitchContext
                0x00002208       0xc4 ./SDK/rtos/FreeRTOS/Source/tasks.o
                0x00002208                vTaskSwitchContext
 .text.vTaskPlaceOnEventList
                0x000022cc       0x30 ./SDK/rtos/FreeRTOS/Source/tasks.o
                0x000022cc                vTaskPlaceOnEventList
 .text.vTaskPlaceOnEventListRestricted
                0x000022fc       0x3c ./SDK/rtos/FreeRTOS/Source/tasks.o
                0x000022fc                vTaskPlaceOnEventListRestricted
 .text.xTaskRemoveFromEventList
                0x00002338       0x88 ./SDK/rtos/FreeRTOS/Source/tasks.o
                0x00002338                xTaskRemoveFromEventList
 .text.vTaskInternalSetTimeOutState
                0x000023c0       0x18 ./SDK/rtos/FreeRTOS/Source/tasks.o
                0x000023c0                vTaskInternalSetTimeOutState
 .text.xTaskCheckForTimeOut
                0x000023d8       0x9c ./SDK/rtos/FreeRTOS/Source/tasks.o
                0x000023d8                xTaskCheckForTimeOut
 .text.vTaskMissedYield
                0x00002474        0xc ./SDK/rtos/FreeRTOS/Source/tasks.o
                0x00002474                vTaskMissedYield
 .text.xTaskGetSchedulerState
                0x00002480       0x20 ./SDK/rtos/FreeRTOS/Source/tasks.o
                0x00002480                xTaskGetSchedulerState
 .text.xTaskPriorityDisinherit
                0x000024a0       0xb0 ./SDK/rtos/FreeRTOS/Source/tasks.o
                0x000024a0                xTaskPriorityDisinherit
 .text.prvInsertTimerInActiveList
                0x00002550       0x48 ./SDK/rtos/FreeRTOS/Source/timers.o
 .text.prvCheckForValidListAndQueue
                0x00002598       0x5c ./SDK/rtos/FreeRTOS/Source/timers.o
 .text.xTimerCreateTimerTask
                0x000025f4       0x4c ./SDK/rtos/FreeRTOS/Source/timers.o
                0x000025f4                xTimerCreateTimerTask
 .text.xTimerGenericCommand
                0x00002640       0x60 ./SDK/rtos/FreeRTOS/Source/timers.o
                0x00002640                xTimerGenericCommand
 .text.prvSampleTimeNow
                0x000026a0       0xac ./SDK/rtos/FreeRTOS/Source/timers.o
 .text.prvTimerTask
                0x0000274c      0x1e8 ./SDK/rtos/FreeRTOS/Source/timers.o
 .text.prvTaskExitError
                0x00002934       0x40 ./SDK/rtos/FreeRTOS/Source/portable/GCC/ARM_CM4F/port.o
 .text.prvPortStartFirstTask
                0x00002974       0x28 ./SDK/rtos/FreeRTOS/Source/portable/GCC/ARM_CM4F/port.o
 .text.vPortEnableVFP
                0x0000299c       0x14 ./SDK/rtos/FreeRTOS/Source/portable/GCC/ARM_CM4F/port.o
 .text.pxPortInitialiseStack
                0x000029b0       0x2c ./SDK/rtos/FreeRTOS/Source/portable/GCC/ARM_CM4F/port.o
                0x000029b0                pxPortInitialiseStack
 *fill*         0x000029dc        0x4 
 .text.SVC_Handler
                0x000029e0       0x24 ./SDK/rtos/FreeRTOS/Source/portable/GCC/ARM_CM4F/port.o
                0x000029e0                SVC_Handler
 .text.vPortEnterCritical
                0x00002a04       0x44 ./SDK/rtos/FreeRTOS/Source/portable/GCC/ARM_CM4F/port.o
                0x00002a04                vPortEnterCritical
 .text.vPortExitCritical
                0x00002a48       0x2c ./SDK/rtos/FreeRTOS/Source/portable/GCC/ARM_CM4F/port.o
                0x00002a48                vPortExitCritical
 *fill*         0x00002a74        0xc 
 .text.PendSV_Handler
                0x00002a80       0x64 ./SDK/rtos/FreeRTOS/Source/portable/GCC/ARM_CM4F/port.o
                0x00002a80                PendSV_Handler
 .text.SysTick_Handler
                0x00002ae4       0x2c ./SDK/rtos/FreeRTOS/Source/portable/GCC/ARM_CM4F/port.o
                0x00002ae4                SysTick_Handler
 .text.vPortSetupTimerInterrupt
                0x00002b10       0x24 ./SDK/rtos/FreeRTOS/Source/portable/GCC/ARM_CM4F/port.o
                0x00002b10                vPortSetupTimerInterrupt
 .text.xPortStartScheduler
                0x00002b34      0x118 ./SDK/rtos/FreeRTOS/Source/portable/GCC/ARM_CM4F/port.o
                0x00002b34                xPortStartScheduler
 .text.vPortValidateInterruptPriority
                0x00002c4c       0x5c ./SDK/rtos/FreeRTOS/Source/portable/GCC/ARM_CM4F/port.o
                0x00002c4c                vPortValidateInterruptPriority
 .text.pvPortMalloc
                0x00002ca8       0x64 ./SDK/rtos/FreeRTOS/Source/portable/MemMang/heap_1.o
                0x00002ca8                pvPortMalloc
 .text.vPortFree
                0x00002d0c       0x16 ./SDK/rtos/FreeRTOS/Source/portable/MemMang/heap_1.o
                0x00002d0c                vPortFree
 *fill*         0x00002d22        0x2 
 .text.xPortGetFreeHeapSize
                0x00002d24       0x10 ./SDK/rtos/FreeRTOS/Source/portable/MemMang/heap_1.o
                0x00002d24                xPortGetFreeHeapSize
 .text.Lpuart_Init
                0x00002d34       0x88 ./src/Lpuart.o
                0x00002d34                Lpuart_Init
 .text.Lpuart_SendData
                0x00002dbc       0x18 ./src/Lpuart.o
                0x00002dbc                Lpuart_SendData
 .text.CxpiPWMCenterAlignInit
                0x00002dd4       0x60 ./src/Pwm_Ftm.o
                0x00002dd4                CxpiPWMCenterAlignInit
 .text.CxpiPWMStop
                0x00002e34       0x10 ./src/Pwm_Ftm.o
                0x00002e34                CxpiPWMStop
 .text.CxpiPWMStart
                0x00002e44       0x10 ./src/Pwm_Ftm.o
                0x00002e44                CxpiPWMStart
 .text.CxpiPWMCenterAlignInitMotor1
                0x00002e54       0x6c ./src/Pwm_Ftm.o
                0x00002e54                CxpiPWMCenterAlignInitMotor1
 .text.CxpiPWMStartMotor1
                0x00002ec0       0x10 ./src/Pwm_Ftm.o
                0x00002ec0                CxpiPWMStartMotor1
 .text.CxpiPWMCenterAlignInitMotor
                0x00002ed0       0x60 ./src/Pwm_Ftm.o
                0x00002ed0                CxpiPWMCenterAlignInitMotor
 .text.CxpiPWMStartMotor
                0x00002f30       0x10 ./src/Pwm_Ftm.o
                0x00002f30                CxpiPWMStartMotor
 .text.main     0x00002f40        0xa ./src/main.o
                0x00002f40                main
 *fill*         0x00002f4a        0x2 
 .text.CxpiSlaveTask
                0x00002f4c       0x2c ./src/rtos.o
 .text.CxpiMasterTask
                0x00002f78       0x3c ./src/rtos.o
 .text.vLpuart0_ISRHandler
                0x00002fb4       0x54 ./src/rtos.o
                0x00002fb4                vLpuart0_ISRHandler
 .text.vLpuart2_ISRHandler
                0x00003008       0x54 ./src/rtos.o
                0x00003008                vLpuart2_ISRHandler
 .text.rtos_start
                0x0000305c      0x188 ./src/rtos.o
                0x0000305c                rtos_start
 .text.vApplicationMallocFailedHook
                0x000031e4       0x12 ./src/rtos.o
                0x000031e4                vApplicationMallocFailedHook
 .text.vApplicationStackOverflowHook
                0x000031f6       0x12 ./src/rtos.o
                0x000031f6                vApplicationStackOverflowHook
 .text.vApplicationIdleHook
                0x00003208       0x12 ./src/rtos.o
                0x00003208                vApplicationIdleHook
 .text.vApplicationTickHook
                0x0000321a        0x2 ./src/rtos.o
                0x0000321a                vApplicationTickHook
 .text.memcpy   0x0000321c       0x1c C:/NXP/S32DS.3.5/S32DS/build_tools/gcc_b1620/gcc-6.3-arm32-eabi/arm-none-eabi/newlib/lib/thumb/v7e-m/fpv4-sp/hard\libc_nano.a(lib_a-memcpy-stub.o)
                0x0000321c                memcpy
 .text.memset   0x00003238       0x10 C:/NXP/S32DS.3.5/S32DS/build_tools/gcc_b1620/gcc-6.3-arm32-eabi/arm-none-eabi/newlib/lib/thumb/v7e-m/fpv4-sp/hard\libc_nano.a(lib_a-memset.o)
                0x00003238                memset
 *(.rodata)
 *(.rodata*)
 .rodata.clockNameMappings
                0x00003248       0xa2 ./SDK/platform/drivers/src/clock/S32K1xx/clock_S32K1xx.o
                0x00003248                clockNameMappings
 *fill*         0x000032ea        0x2 
 .rodata.maxSysClksInHSRUN.7675
                0x000032ec       0x54 ./SDK/platform/drivers/src/clock/S32K1xx/clock_S32K1xx.o
 .rodata.maxSysClksInRUN.7674
                0x00003340       0x54 ./SDK/platform/drivers/src/clock/S32K1xx/clock_S32K1xx.o
 .rodata.maxSysClksInVLPR.7673
                0x00003394       0x54 ./SDK/platform/drivers/src/clock/S32K1xx/clock_S32K1xx.o
 .rodata.vTaskStartScheduler.str1.4
                0x000033e8        0x5 ./SDK/rtos/FreeRTOS/Source/tasks.o
 *fill*         0x000033ed        0x3 
 .rodata.prvCheckForValidListAndQueue.str1.4
                0x000033f0        0x5 ./SDK/rtos/FreeRTOS/Source/timers.o
 *fill*         0x000033f5        0x3 
 .rodata.xTimerCreateTimerTask.str1.4
                0x000033f8        0x8 ./SDK/rtos/FreeRTOS/Source/timers.o
 .rodata.LpuartBasePtr
                0x00003400        0xc ./src/Lpuart.o
                0x00003400                LpuartBasePtr
 .rodata.LpuartPccIndex
                0x0000340c        0x3 ./src/Lpuart.o
                0x0000340c                LpuartPccIndex
 *fill*         0x0000340f        0x1 
 .rodata.rtos_start.str1.4
                0x00003410       0x24 ./src/rtos.o
 *(.init)
 .init          0x00003434        0x4 c:/nxp/s32ds.3.5/s32ds/build_tools/gcc_b1620/gcc-6.3-arm32-eabi/bin/../lib/gcc/arm-none-eabi/6.3.1/thumb/v7e-m/fpv4-sp/hard/crti.o
                0x00003434                _init
 *(.fini)
 .fini          0x00003438        0x4 c:/nxp/s32ds.3.5/s32ds/build_tools/gcc_b1620/gcc-6.3-arm32-eabi/bin/../lib/gcc/arm-none-eabi/6.3.1/thumb/v7e-m/fpv4-sp/hard/crti.o
                0x00003438                _fini
 *(.eh_frame)
                0x0000343c                . = ALIGN (0x4)

.glue_7         0x0000343c        0x0
 .glue_7        0x0000343c        0x0 linker stubs

.glue_7t        0x0000343c        0x0
 .glue_7t       0x0000343c        0x0 linker stubs

.vfp11_veneer   0x0000343c        0x0
 .vfp11_veneer  0x0000343c        0x0 linker stubs

.v4_bx          0x0000343c        0x0
 .v4_bx         0x0000343c        0x0 linker stubs

.iplt           0x0000343c        0x0
 .iplt          0x0000343c        0x0 ./Project_Settings/Startup_Code/startup_S32K146.o

.rel.dyn        0x0000343c        0x0
 .rel.iplt      0x0000343c        0x0 ./Project_Settings/Startup_Code/startup_S32K146.o

.ARM            0x0000343c        0x0
                0x0000343c                __exidx_start = .
 *(.ARM.exidx*)
                0x0000343c                __exidx_end = .
                0x0000343c                __etext = .
                0x0000343c                __DATA_ROM = .

.interrupts_ram
                0x1fff0000      0x400
                0x1fff0000                . = ALIGN (0x4)
                0x1fff0000                __VECTOR_RAM__ = .
                0x1fff0000                __RAM_START = .
                0x1fff0000                __interrupts_ram_start__ = .
 *(.m_interrupts_ram)
                0x1fff0400                . = (. + M_VECTOR_RAM_SIZE)
 *fill*         0x1fff0000      0x400 
                0x1fff0400                . = ALIGN (0x4)
                0x1fff0400                __interrupts_ram_end__ = .
                0x1fff0000                __VECTOR_RAM = DEFINED (__flash_vector_table__)?ORIGIN (m_interrupts):__VECTOR_RAM__
                0x00000400                __RAM_VECTOR_TABLE_SIZE = DEFINED (__flash_vector_table__)?0x0:(__interrupts_ram_end__ - __interrupts_ram_start__)

.data           0x1fff0400      0x1f0 load address 0x0000343c
                0x1fff0400                . = ALIGN (0x4)
                0x1fff0400                __DATA_RAM = .
                0x1fff0400                __data_start__ = .
 *(.data)
 *(.data*)
 .data.peripheralClockConfig.7418
                0x1fff0400       0xaa ./SDK/platform/drivers/src/clock/S32K1xx/clock_S32K1xx.o
 *fill*         0x1fff04aa        0x2 
 .data.uxCriticalNesting
                0x1fff04ac        0x4 ./SDK/rtos/FreeRTOS/Source/portable/GCC/ARM_CM4F/port.o
 .data.clockMan1_InitConfig0
                0x1fff04b0       0x90 ./board/clock_config.o
                0x1fff04b0                clockMan1_InitConfig0
 .data.g_clockManConfigsArr
                0x1fff0540        0x4 ./board/clock_config.o
                0x1fff0540                g_clockManConfigsArr
 .data.peripheralClockConfig0
                0x1fff0544       0xaa ./board/clock_config.o
                0x1fff0544                peripheralClockConfig0
                0x1fff05f0                . = ALIGN (0x4)
 *fill*         0x1fff05ee        0x2 
                0x1fff05f0                __data_end__ = .
                0x0000362c                __DATA_END = (__DATA_ROM + (__data_end__ - __data_start__))
                0x0000362c                __CODE_ROM = __DATA_END

.igot.plt       0x1fff05f0        0x0 load address 0x0000362c
 .igot.plt      0x1fff05f0        0x0 ./Project_Settings/Startup_Code/startup_S32K146.o

.code           0x1fff05f0        0x0 load address 0x0000362c
                0x1fff05f0                . = ALIGN (0x4)
                0x1fff05f0                __CODE_RAM = .
                0x1fff05f0                __code_start__ = .
                0x1fff05f0                __code_ram_start__ = .
 *(.code_ram)
                0x1fff05f0                . = ALIGN (0x4)
                0x1fff05f0                __code_end__ = .
                0x1fff05f0                __code_ram_end__ = .
                0x0000362c                __CODE_END = (__CODE_ROM + (__code_end__ - __code_start__))
                0x0000362c                __CUSTOM_ROM = __CODE_END

.customSectionBlock
                0x20000000        0x0 load address 0x0000362c
                0x20000000                __customSection_start__ = .
 *(.customSection)
                0x20000000                __customSection_end__ = .
                0x0000362c                __CUSTOM_END = (__CUSTOM_ROM + (__customSection_end__ - __customSection_start__))
                0x0000362c                __rom_end = __CUSTOM_END

.bss            0x20000000     0x21cc
                0x20000000                . = ALIGN (0x4)
                0x20000000                __BSS_START = .
                0x20000000                __bss_start__ = .
 *(.bss)
 *(.bss*)
 .bss.g_RtcClkInFreq
                0x20000000        0x4 ./SDK/platform/drivers/src/clock/S32K1xx/clock_S32K1xx.o
                0x20000000                g_RtcClkInFreq
 .bss.g_TClkFreq
                0x20000004        0xc ./SDK/platform/drivers/src/clock/S32K1xx/clock_S32K1xx.o
                0x20000004                g_TClkFreq
 .bss.g_clockState
                0x20000010       0x10 ./SDK/platform/drivers/src/clock/S32K1xx/clock_S32K1xx.o
 .bss.g_xtal0ClkFreq
                0x20000020        0x4 ./SDK/platform/drivers/src/clock/S32K1xx/clock_S32K1xx.o
                0x20000020                g_xtal0ClkFreq
 .bss.g_interruptDisableCount
                0x20000024        0x4 ./SDK/platform/drivers/src/interrupt/interrupt_manager.o
 .bss.xQueueRegistry
                0x20000028       0x40 ./SDK/rtos/FreeRTOS/Source/queue.o
                0x20000028                xQueueRegistry
 .bss.pxCurrentTCB
                0x20000068        0x4 ./SDK/rtos/FreeRTOS/Source/tasks.o
                0x20000068                pxCurrentTCB
 .bss.pxDelayedTaskList
                0x2000006c        0x4 ./SDK/rtos/FreeRTOS/Source/tasks.o
 .bss.pxOverflowDelayedTaskList
                0x20000070        0x4 ./SDK/rtos/FreeRTOS/Source/tasks.o
 .bss.pxReadyTasksLists
                0x20000074       0x64 ./SDK/rtos/FreeRTOS/Source/tasks.o
 .bss.uxCurrentNumberOfTasks
                0x200000d8        0x4 ./SDK/rtos/FreeRTOS/Source/tasks.o
 .bss.uxDeletedTasksWaitingCleanUp
                0x200000dc        0x4 ./SDK/rtos/FreeRTOS/Source/tasks.o
 .bss.uxPendedTicks
                0x200000e0        0x4 ./SDK/rtos/FreeRTOS/Source/tasks.o
 .bss.uxSchedulerSuspended
                0x200000e4        0x4 ./SDK/rtos/FreeRTOS/Source/tasks.o
 .bss.uxTaskNumber
                0x200000e8        0x4 ./SDK/rtos/FreeRTOS/Source/tasks.o
 .bss.uxTopReadyPriority
                0x200000ec        0x4 ./SDK/rtos/FreeRTOS/Source/tasks.o
 .bss.xDelayedTaskList1
                0x200000f0       0x14 ./SDK/rtos/FreeRTOS/Source/tasks.o
 .bss.xDelayedTaskList2
                0x20000104       0x14 ./SDK/rtos/FreeRTOS/Source/tasks.o
 .bss.xIdleTaskHandle
                0x20000118        0x4 ./SDK/rtos/FreeRTOS/Source/tasks.o
 .bss.xNextTaskUnblockTime
                0x2000011c        0x4 ./SDK/rtos/FreeRTOS/Source/tasks.o
 .bss.xNumOfOverflows
                0x20000120        0x4 ./SDK/rtos/FreeRTOS/Source/tasks.o
 .bss.xPendingReadyList
                0x20000124       0x14 ./SDK/rtos/FreeRTOS/Source/tasks.o
 .bss.xSchedulerRunning
                0x20000138        0x4 ./SDK/rtos/FreeRTOS/Source/tasks.o
 .bss.xSuspendedTaskList
                0x2000013c       0x14 ./SDK/rtos/FreeRTOS/Source/tasks.o
 .bss.xTasksWaitingTermination
                0x20000150       0x14 ./SDK/rtos/FreeRTOS/Source/tasks.o
 .bss.xTickCount
                0x20000164        0x4 ./SDK/rtos/FreeRTOS/Source/tasks.o
 .bss.xYieldPending
                0x20000168        0x4 ./SDK/rtos/FreeRTOS/Source/tasks.o
 .bss.pxCurrentTimerList
                0x2000016c        0x4 ./SDK/rtos/FreeRTOS/Source/timers.o
 .bss.pxOverflowTimerList
                0x20000170        0x4 ./SDK/rtos/FreeRTOS/Source/timers.o
 .bss.xActiveTimerList1
                0x20000174       0x14 ./SDK/rtos/FreeRTOS/Source/timers.o
 .bss.xActiveTimerList2
                0x20000188       0x14 ./SDK/rtos/FreeRTOS/Source/timers.o
 .bss.xLastTime.6402
                0x2000019c        0x4 ./SDK/rtos/FreeRTOS/Source/timers.o
 .bss.xTimerQueue
                0x200001a0        0x4 ./SDK/rtos/FreeRTOS/Source/timers.o
 .bss.xTimerTaskHandle
                0x200001a4        0x4 ./SDK/rtos/FreeRTOS/Source/timers.o
 .bss.ucMaxSysCallPriority
                0x200001a8        0x1 ./SDK/rtos/FreeRTOS/Source/portable/GCC/ARM_CM4F/port.o
 *fill*         0x200001a9        0x3 
 .bss.ulMaxPRIGROUPValue
                0x200001ac        0x4 ./SDK/rtos/FreeRTOS/Source/portable/GCC/ARM_CM4F/port.o
 .bss.pucAlignedHeap.6092
                0x200001b0        0x4 ./SDK/rtos/FreeRTOS/Source/portable/MemMang/heap_1.o
 .bss.ucHeap    0x200001b4     0x2000 ./SDK/rtos/FreeRTOS/Source/portable/MemMang/heap_1.o
 .bss.xNextFreeByte
                0x200021b4        0x4 ./SDK/rtos/FreeRTOS/Source/portable/MemMang/heap_1.o
 .bss.g_clockManCallbacksArr
                0x200021b8        0x4 ./board/clock_config.o
                0x200021b8                g_clockManCallbacksArr
 .bss.rxByte.7688
                0x200021bc        0x1 ./src/rtos.o
 .bss.rxByte.7693
                0x200021bd        0x1 ./src/rtos.o
 .bss.rxByte.7697
                0x200021be        0x1 ./src/rtos.o
 .bss.rxByte.7702
                0x200021bf        0x1 ./src/rtos.o
 .bss.xQueueCxpiRxMaster
                0x200021c0        0x4 ./src/rtos.o
 .bss.xQueueCxpiRxSpiTableMaster
                0x200021c4        0x4 ./src/rtos.o
 .bss.xQueueCxpiRxUartSlave
                0x200021c8        0x4 ./src/rtos.o
 *(COMMON)
                0x200021cc                . = ALIGN (0x4)
                0x200021cc                __bss_end__ = .
                0x200021cc                __BSS_END = .

.heap           0x200021cc      0x404
                0x200021d0                . = ALIGN (0x8)
 *fill*         0x200021cc        0x4 
                0x200021d0                __end__ = .
                0x200021d0                __heap_start__ = .
                [!provide]                PROVIDE (end = .)
                [!provide]                PROVIDE (_end = .)
                [!provide]                PROVIDE (__end = .)
                0x200021d0                __HeapBase = .
                0x200025d0                . = (. + HEAP_SIZE)
 *fill*         0x200021d0      0x400 
                0x200025d0                __HeapLimit = .
                0x200025d0                __heap_limit = .
                0x200025d0                __heap_end__ = .
                0x2000f000                __StackTop = (ORIGIN (m_data_2) + LENGTH (m_data_2))
                0x2000ec00                __StackLimit = (__StackTop - STACK_SIZE)
                0x2000f000                PROVIDE (__stack = __StackTop)
                0x2000f000                __RAM_END = __StackTop

.stack          0x2000ec00      0x400
                0x2000ec00                . = ALIGN (0x8)
                0x2000ec00                __stack_start__ = .
                0x2000f000                . = (. + STACK_SIZE)
 *fill*         0x2000ec00      0x400 
                0x2000f000                __stack_end__ = .

.ARM.attributes
                0x00000000       0x30
 *(.ARM.attributes)
 .ARM.attributes
                0x00000000       0x22 c:/nxp/s32ds.3.5/s32ds/build_tools/gcc_b1620/gcc-6.3-arm32-eabi/bin/../lib/gcc/arm-none-eabi/6.3.1/thumb/v7e-m/fpv4-sp/hard/crti.o
 .ARM.attributes
                0x00000022       0x1f ./Project_Settings/Startup_Code/startup_S32K146.o
 .ARM.attributes
                0x00000041       0x39 ./SDK/platform/devices/S32K146/startup/system_S32K146.o
 .ARM.attributes
                0x0000007a       0x39 ./SDK/platform/devices/startup.o
 .ARM.attributes
                0x000000b3       0x39 ./SDK/platform/drivers/src/clock/S32K1xx/clock_S32K1xx.o
 .ARM.attributes
                0x000000ec       0x39 ./SDK/platform/drivers/src/interrupt/interrupt_manager.o
 .ARM.attributes
                0x00000125       0x39 ./SDK/rtos/FreeRTOS/Source/list.o
 .ARM.attributes
                0x0000015e       0x39 ./SDK/rtos/FreeRTOS/Source/queue.o
 .ARM.attributes
                0x00000197       0x39 ./SDK/rtos/FreeRTOS/Source/tasks.o
 .ARM.attributes
                0x000001d0       0x39 ./SDK/rtos/FreeRTOS/Source/timers.o
 .ARM.attributes
                0x00000209       0x39 ./SDK/rtos/FreeRTOS/Source/portable/GCC/ARM_CM4F/port.o
 .ARM.attributes
                0x00000242       0x39 ./SDK/rtos/FreeRTOS/Source/portable/MemMang/heap_1.o
 .ARM.attributes
                0x0000027b       0x39 ./board/clock_config.o
 .ARM.attributes
                0x000002b4       0x39 ./src/Lpuart.o
 .ARM.attributes
                0x000002ed       0x39 ./src/Pwm_Ftm.o
 .ARM.attributes
                0x00000326       0x39 ./src/main.o
 .ARM.attributes
                0x0000035f       0x39 ./src/rtos.o
 .ARM.attributes
                0x00000398       0x34 C:/NXP/S32DS.3.5/S32DS/build_tools/gcc_b1620/gcc-6.3-arm32-eabi/arm-none-eabi/newlib/lib/thumb/v7e-m/fpv4-sp/hard\libc_nano.a(lib_a-memcpy-stub.o)
 .ARM.attributes
                0x000003cc       0x34 C:/NXP/S32DS.3.5/S32DS/build_tools/gcc_b1620/gcc-6.3-arm32-eabi/arm-none-eabi/newlib/lib/thumb/v7e-m/fpv4-sp/hard\libc_nano.a(lib_a-memset.o)
                0x00000001                ASSERT ((__rom_end <= (ORIGIN (m_text) + LENGTH (m_text))), Region m_text overflowed!)
                0x00000001                ASSERT ((__StackLimit >= __HeapLimit), region m_data_2 overflowed with stack and heap)
OUTPUT(CxpiLoopbackFreertos_s32k146.elf elf32-littlearm)

.debug_line     0x00000000     0x6dad
 .debug_line    0x00000000       0xcc ./Project_Settings/Startup_Code/startup_S32K146.o
 .debug_line    0x000000cc      0x427 ./SDK/platform/devices/S32K146/startup/system_S32K146.o
 .debug_line    0x000004f3      0x3b5 ./SDK/platform/devices/startup.o
 .debug_line    0x000008a8     0x1538 ./SDK/platform/drivers/src/clock/S32K1xx/clock_S32K1xx.o
 .debug_line    0x00001de0      0x5ae ./SDK/platform/drivers/src/interrupt/interrupt_manager.o
 .debug_line    0x0000238e      0x4f1 ./SDK/rtos/FreeRTOS/Source/list.o
 .debug_line    0x0000287f      0xb16 ./SDK/rtos/FreeRTOS/Source/queue.o
 .debug_line    0x00003395      0xf01 ./SDK/rtos/FreeRTOS/Source/tasks.o
 .debug_line    0x00004296      0x746 ./SDK/rtos/FreeRTOS/Source/timers.o
 .debug_line    0x000049dc      0x541 ./SDK/rtos/FreeRTOS/Source/portable/GCC/ARM_CM4F/port.o
 .debug_line    0x00004f1d      0x4f2 ./SDK/rtos/FreeRTOS/Source/portable/MemMang/heap_1.o
 .debug_line    0x0000540f      0x455 ./board/clock_config.o
 .debug_line    0x00005864      0x34e ./src/Lpuart.o
 .debug_line    0x00005bb2      0x3b1 ./src/Pwm_Ftm.o
 .debug_line    0x00005f63      0x63e ./src/main.o
 .debug_line    0x000065a1      0x80c ./src/rtos.o

.debug_info     0x00000000    0x15a1e
 .debug_info    0x00000000       0x26 ./Project_Settings/Startup_Code/startup_S32K146.o
 .debug_info    0x00000026      0x521 ./SDK/platform/devices/S32K146/startup/system_S32K146.o
 .debug_info    0x00000547      0x2ad ./SDK/platform/devices/startup.o
 .debug_info    0x000007f4     0x62e8 ./SDK/platform/drivers/src/clock/S32K1xx/clock_S32K1xx.o
 .debug_info    0x00006adc      0xce6 ./SDK/platform/drivers/src/interrupt/interrupt_manager.o
 .debug_info    0x000077c2      0xab3 ./SDK/rtos/FreeRTOS/Source/list.o
 .debug_info    0x00008275     0x2827 ./SDK/rtos/FreeRTOS/Source/queue.o
 .debug_info    0x0000aa9c     0x31c4 ./SDK/rtos/FreeRTOS/Source/tasks.o
 .debug_info    0x0000dc60     0x1b37 ./SDK/rtos/FreeRTOS/Source/timers.o
 .debug_info    0x0000f797      0x560 ./SDK/rtos/FreeRTOS/Source/portable/GCC/ARM_CM4F/port.o
 .debug_info    0x0000fcf7      0xa1e ./SDK/rtos/FreeRTOS/Source/portable/MemMang/heap_1.o
 .debug_info    0x00010715     0x12d1 ./board/clock_config.o
 .debug_info    0x000119e6      0x494 ./src/Lpuart.o
 .debug_info    0x00011e7a      0x666 ./src/Pwm_Ftm.o
 .debug_info    0x000124e0     0x151e ./src/main.o
 .debug_info    0x000139fe     0x2020 ./src/rtos.o

.debug_abbrev   0x00000000     0x23c3
 .debug_abbrev  0x00000000       0x14 ./Project_Settings/Startup_Code/startup_S32K146.o
 .debug_abbrev  0x00000014      0x141 ./SDK/platform/devices/S32K146/startup/system_S32K146.o
 .debug_abbrev  0x00000155       0xe1 ./SDK/platform/devices/startup.o
 .debug_abbrev  0x00000236      0x409 ./SDK/platform/drivers/src/clock/S32K1xx/clock_S32K1xx.o
 .debug_abbrev  0x0000063f      0x278 ./SDK/platform/drivers/src/interrupt/interrupt_manager.o
 .debug_abbrev  0x000008b7      0x210 ./SDK/rtos/FreeRTOS/Source/list.o
 .debug_abbrev  0x00000ac7      0x3c6 ./SDK/rtos/FreeRTOS/Source/queue.o
 .debug_abbrev  0x00000e8d      0x41b ./SDK/rtos/FreeRTOS/Source/tasks.o
 .debug_abbrev  0x000012a8      0x3bd ./SDK/rtos/FreeRTOS/Source/timers.o
 .debug_abbrev  0x00001665      0x22a ./SDK/rtos/FreeRTOS/Source/portable/GCC/ARM_CM4F/port.o
 .debug_abbrev  0x0000188f      0x2b2 ./SDK/rtos/FreeRTOS/Source/portable/MemMang/heap_1.o
 .debug_abbrev  0x00001b41      0x125 ./board/clock_config.o
 .debug_abbrev  0x00001c66      0x15a ./src/Lpuart.o
 .debug_abbrev  0x00001dc0      0x1ae ./src/Pwm_Ftm.o
 .debug_abbrev  0x00001f6e      0x14e ./src/main.o
 .debug_abbrev  0x000020bc      0x307 ./src/rtos.o

.debug_aranges  0x00000000      0x7d8
 .debug_aranges
                0x00000000       0x20 ./Project_Settings/Startup_Code/startup_S32K146.o
 .debug_aranges
                0x00000020       0x30 ./SDK/platform/devices/S32K146/startup/system_S32K146.o
 .debug_aranges
                0x00000050       0x20 ./SDK/platform/devices/startup.o
 .debug_aranges
                0x00000070      0x128 ./SDK/platform/drivers/src/clock/S32K1xx/clock_S32K1xx.o
 .debug_aranges
                0x00000198       0x70 ./SDK/platform/drivers/src/interrupt/interrupt_manager.o
 .debug_aranges
                0x00000208       0x40 ./SDK/rtos/FreeRTOS/Source/list.o
 .debug_aranges
                0x00000248      0x108 ./SDK/rtos/FreeRTOS/Source/queue.o
 .debug_aranges
                0x00000350      0x1b0 ./SDK/rtos/FreeRTOS/Source/tasks.o
 .debug_aranges
                0x00000500       0xa0 ./SDK/rtos/FreeRTOS/Source/timers.o
 .debug_aranges
                0x000005a0       0x80 ./SDK/rtos/FreeRTOS/Source/portable/GCC/ARM_CM4F/port.o
 .debug_aranges
                0x00000620       0x38 ./SDK/rtos/FreeRTOS/Source/portable/MemMang/heap_1.o
 .debug_aranges
                0x00000658       0x18 ./board/clock_config.o
 .debug_aranges
                0x00000670       0x58 ./src/Lpuart.o
 .debug_aranges
                0x000006c8       0x70 ./src/Pwm_Ftm.o
 .debug_aranges
                0x00000738       0x20 ./src/main.o
 .debug_aranges
                0x00000758       0x80 ./src/rtos.o

.debug_str      0x00000000    0x7a47c
 .debug_str     0x00000000       0xc9 ./Project_Settings/Startup_Code/startup_S32K146.o
 .debug_str     0x000000c9    0x699b7 ./SDK/platform/devices/S32K146/startup/system_S32K146.o
                              0x69b48 (size before relaxing)
 .debug_str     0x00069a80      0x399 ./SDK/platform/devices/startup.o
                              0x69cba (size before relaxing)
 .debug_str     0x00069e19     0x416f ./SDK/platform/drivers/src/clock/S32K1xx/clock_S32K1xx.o
                              0x6de40 (size before relaxing)
 .debug_str     0x0006df88      0x8a0 ./SDK/platform/drivers/src/interrupt/interrupt_manager.o
                              0x6a535 (size before relaxing)
 .debug_str     0x0006e828     0x63f0 ./SDK/rtos/FreeRTOS/Source/list.o
                               0x9c25 (size before relaxing)
 .debug_str     0x00074c18     0x1861 ./SDK/rtos/FreeRTOS/Source/queue.o
                               0xb47a (size before relaxing)
 .debug_str     0x00076479     0x22af ./SDK/rtos/FreeRTOS/Source/tasks.o
                               0xc8cd (size before relaxing)
 .debug_str     0x00078728      0x5af ./SDK/rtos/FreeRTOS/Source/timers.o
                               0xb8f6 (size before relaxing)
 .debug_str     0x00078cd7      0x7ab ./SDK/rtos/FreeRTOS/Source/portable/GCC/ARM_CM4F/port.o
                               0x7ec2 (size before relaxing)
 .debug_str     0x00079482      0x12d ./SDK/rtos/FreeRTOS/Source/portable/MemMang/heap_1.o
                               0xa2f7 (size before relaxing)
 .debug_str     0x000795af       0xda ./board/clock_config.o
                              0x6bc35 (size before relaxing)
 .debug_str     0x00079689      0x18f ./src/Lpuart.o
                              0x63f2f (size before relaxing)
 .debug_str     0x00079818      0x457 ./src/Pwm_Ftm.o
                              0x69a47 (size before relaxing)
 .debug_str     0x00079c6f      0x3e1 ./src/main.o
                              0x6ee5e (size before relaxing)
 .debug_str     0x0007a050      0x42c ./src/rtos.o
                              0x71ade (size before relaxing)

.debug_loc      0x00000000     0x9bd8
 .debug_loc     0x00000000       0xeb ./SDK/platform/devices/S32K146/startup/system_S32K146.o
 .debug_loc     0x000000eb       0xec ./SDK/platform/devices/startup.o
 .debug_loc     0x000001d7     0x4ef7 ./SDK/platform/drivers/src/clock/S32K1xx/clock_S32K1xx.o
 .debug_loc     0x000050ce      0x681 ./SDK/platform/drivers/src/interrupt/interrupt_manager.o
 .debug_loc     0x0000574f       0x65 ./SDK/rtos/FreeRTOS/Source/list.o
 .debug_loc     0x000057b4     0x1465 ./SDK/rtos/FreeRTOS/Source/queue.o
 .debug_loc     0x00006c19     0x1e57 ./SDK/rtos/FreeRTOS/Source/tasks.o
 .debug_loc     0x00008a70      0xb6e ./SDK/rtos/FreeRTOS/Source/timers.o
 .debug_loc     0x000095de       0xdc ./SDK/rtos/FreeRTOS/Source/portable/GCC/ARM_CM4F/port.o
 .debug_loc     0x000096ba       0xe6 ./SDK/rtos/FreeRTOS/Source/portable/MemMang/heap_1.o
 .debug_loc     0x000097a0      0x346 ./src/Lpuart.o
 .debug_loc     0x00009ae6       0xb0 ./src/Pwm_Ftm.o
 .debug_loc     0x00009b96       0x42 ./src/rtos.o

.debug_ranges   0x00000000      0xca8
 .debug_ranges  0x00000000       0x20 ./SDK/platform/devices/S32K146/startup/system_S32K146.o
 .debug_ranges  0x00000020       0x10 ./SDK/platform/devices/startup.o
 .debug_ranges  0x00000030      0x3d8 ./SDK/platform/drivers/src/clock/S32K1xx/clock_S32K1xx.o
 .debug_ranges  0x00000408       0x98 ./SDK/platform/drivers/src/interrupt/interrupt_manager.o
 .debug_ranges  0x000004a0       0x30 ./SDK/rtos/FreeRTOS/Source/list.o
 .debug_ranges  0x000004d0      0x260 ./SDK/rtos/FreeRTOS/Source/queue.o
 .debug_ranges  0x00000730      0x298 ./SDK/rtos/FreeRTOS/Source/tasks.o
 .debug_ranges  0x000009c8      0x108 ./SDK/rtos/FreeRTOS/Source/timers.o
 .debug_ranges  0x00000ad0       0x70 ./SDK/rtos/FreeRTOS/Source/portable/GCC/ARM_CM4F/port.o
 .debug_ranges  0x00000b40       0x28 ./SDK/rtos/FreeRTOS/Source/portable/MemMang/heap_1.o
 .debug_ranges  0x00000b68       0x48 ./src/Lpuart.o
 .debug_ranges  0x00000bb0       0x60 ./src/Pwm_Ftm.o
 .debug_ranges  0x00000c10       0x10 ./src/main.o
 .debug_ranges  0x00000c20       0x88 ./src/rtos.o

.debug_macro    0x00000000    0x213cc
 .debug_macro   0x00000000       0xb5 ./SDK/platform/devices/S32K146/startup/system_S32K146.o
 .debug_macro   0x000000b5      0x8da ./SDK/platform/devices/S32K146/startup/system_S32K146.o
 .debug_macro   0x0000098f       0x10 ./SDK/platform/devices/S32K146/startup/system_S32K146.o
 .debug_macro   0x0000099f       0x79 ./SDK/platform/devices/S32K146/startup/system_S32K146.o
 .debug_macro   0x00000a18       0x16 ./SDK/platform/devices/S32K146/startup/system_S32K146.o
 .debug_macro   0x00000a2e       0x22 ./SDK/platform/devices/S32K146/startup/system_S32K146.o
 .debug_macro   0x00000a50       0x56 ./SDK/platform/devices/S32K146/startup/system_S32K146.o
 .debug_macro   0x00000aa6       0x51 ./SDK/platform/devices/S32K146/startup/system_S32K146.o
 .debug_macro   0x00000af7       0xef ./SDK/platform/devices/S32K146/startup/system_S32K146.o
 .debug_macro   0x00000be6       0x6a ./SDK/platform/devices/S32K146/startup/system_S32K146.o
 .debug_macro   0x00000c50      0x1df ./SDK/platform/devices/S32K146/startup/system_S32K146.o
 .debug_macro   0x00000e2f     0xef44 ./SDK/platform/devices/S32K146/startup/system_S32K146.o
 .debug_macro   0x0000fd73      0xbb6 ./SDK/platform/devices/S32K146/startup/system_S32K146.o
 .debug_macro   0x00010929       0x22 ./SDK/platform/devices/S32K146/startup/system_S32K146.o
 .debug_macro   0x0001094b       0x28 ./SDK/platform/devices/S32K146/startup/system_S32K146.o
 .debug_macro   0x00010973       0xb6 ./SDK/platform/devices/startup.o
 .debug_macro   0x00010a29     0xef56 ./SDK/platform/devices/startup.o
 .debug_macro   0x0001f97f       0x40 ./SDK/platform/devices/startup.o
 .debug_macro   0x0001f9bf      0x2af ./SDK/platform/drivers/src/clock/S32K1xx/clock_S32K1xx.o
 .debug_macro   0x0001fc6e      0x16d ./SDK/platform/drivers/src/clock/S32K1xx/clock_S32K1xx.o
 .debug_macro   0x0001fddb       0x16 ./SDK/platform/drivers/src/clock/S32K1xx/clock_S32K1xx.o
 .debug_macro   0x0001fdf1       0x8a ./SDK/platform/drivers/src/clock/S32K1xx/clock_S32K1xx.o
 .debug_macro   0x0001fe7b       0xc9 ./SDK/platform/drivers/src/interrupt/interrupt_manager.o
 .debug_macro   0x0001ff44      0x171 ./SDK/rtos/FreeRTOS/Source/list.o
 .debug_macro   0x000200b5      0x1e7 ./SDK/rtos/FreeRTOS/Source/queue.o
 .debug_macro   0x0002029c       0x16 ./SDK/rtos/FreeRTOS/Source/queue.o
 .debug_macro   0x000202b2       0x35 ./SDK/rtos/FreeRTOS/Source/queue.o
 .debug_macro   0x000202e7       0x80 ./SDK/rtos/FreeRTOS/Source/queue.o
 .debug_macro   0x00020367      0x2a8 ./SDK/rtos/FreeRTOS/Source/tasks.o
 .debug_macro   0x0002060f       0x10 ./SDK/rtos/FreeRTOS/Source/tasks.o
 .debug_macro   0x0002061f       0x1c ./SDK/rtos/FreeRTOS/Source/tasks.o
 .debug_macro   0x0002063b       0x10 ./SDK/rtos/FreeRTOS/Source/tasks.o
 .debug_macro   0x0002064b       0x10 ./SDK/rtos/FreeRTOS/Source/tasks.o
 .debug_macro   0x0002065b       0xb6 ./SDK/rtos/FreeRTOS/Source/tasks.o
 .debug_macro   0x00020711       0x16 ./SDK/rtos/FreeRTOS/Source/tasks.o
 .debug_macro   0x00020727      0x129 ./SDK/rtos/FreeRTOS/Source/tasks.o
 .debug_macro   0x00020850      0x1c6 ./SDK/rtos/FreeRTOS/Source/timers.o
 .debug_macro   0x00020a16       0x97 ./SDK/rtos/FreeRTOS/Source/timers.o
 .debug_macro   0x00020aad      0x196 ./SDK/rtos/FreeRTOS/Source/portable/GCC/ARM_CM4F/port.o
 .debug_macro   0x00020c43      0x192 ./SDK/rtos/FreeRTOS/Source/portable/MemMang/heap_1.o
 .debug_macro   0x00020dd5       0xd8 ./board/clock_config.o
 .debug_macro   0x00020ead       0x16 ./board/clock_config.o
 .debug_macro   0x00020ec3       0x80 ./src/Lpuart.o
 .debug_macro   0x00020f43       0x16 ./src/Lpuart.o
 .debug_macro   0x00020f59       0x92 ./src/Pwm_Ftm.o
 .debug_macro   0x00020feb       0x2e ./src/Pwm_Ftm.o
 .debug_macro   0x00021019      0x15a ./src/main.o
 .debug_macro   0x00021173      0x20d ./src/rtos.o
 .debug_macro   0x00021380       0x4c ./src/rtos.o

.comment        0x00000000       0x7e
 .comment       0x00000000       0x7e ./SDK/platform/devices/S32K146/startup/system_S32K146.o
                                 0x7f (size before relaxing)
 .comment       0x0000007e       0x7f ./SDK/platform/devices/startup.o
 .comment       0x0000007e       0x7f ./SDK/platform/drivers/src/clock/S32K1xx/clock_S32K1xx.o
 .comment       0x0000007e       0x7f ./SDK/platform/drivers/src/interrupt/interrupt_manager.o
 .comment       0x0000007e       0x7f ./SDK/rtos/FreeRTOS/Source/list.o
 .comment       0x0000007e       0x7f ./SDK/rtos/FreeRTOS/Source/queue.o
 .comment       0x0000007e       0x7f ./SDK/rtos/FreeRTOS/Source/tasks.o
 .comment       0x0000007e       0x7f ./SDK/rtos/FreeRTOS/Source/timers.o
 .comment       0x0000007e       0x7f ./SDK/rtos/FreeRTOS/Source/portable/GCC/ARM_CM4F/port.o
 .comment       0x0000007e       0x7f ./SDK/rtos/FreeRTOS/Source/portable/MemMang/heap_1.o
 .comment       0x0000007e       0x7f ./board/clock_config.o
 .comment       0x0000007e       0x7f ./src/Lpuart.o
 .comment       0x0000007e       0x7f ./src/Pwm_Ftm.o
 .comment       0x0000007e       0x7f ./src/main.o
 .comment       0x0000007e       0x7f ./src/rtos.o

.debug_frame    0x00000000     0x14a8
 .debug_frame   0x00000000       0x40 ./SDK/platform/devices/S32K146/startup/system_S32K146.o
 .debug_frame   0x00000040       0x2c ./SDK/platform/devices/startup.o
 .debug_frame   0x0000006c      0x3a4 ./SDK/platform/drivers/src/clock/S32K1xx/clock_S32K1xx.o
 .debug_frame   0x00000410       0xd8 ./SDK/platform/drivers/src/interrupt/interrupt_manager.o
 .debug_frame   0x000004e8       0x6c ./SDK/rtos/FreeRTOS/Source/list.o
 .debug_frame   0x00000554      0x374 ./SDK/rtos/FreeRTOS/Source/queue.o
 .debug_frame   0x000008c8      0x57c ./SDK/rtos/FreeRTOS/Source/tasks.o
 .debug_frame   0x00000e44      0x1f0 ./SDK/rtos/FreeRTOS/Source/timers.o
 .debug_frame   0x00001034      0x100 ./SDK/rtos/FreeRTOS/Source/portable/GCC/ARM_CM4F/port.o
 .debug_frame   0x00001134       0x5c ./SDK/rtos/FreeRTOS/Source/portable/MemMang/heap_1.o
 .debug_frame   0x00001190       0xbc ./src/Lpuart.o
 .debug_frame   0x0000124c       0xc0 ./src/Pwm_Ftm.o
 .debug_frame   0x0000130c       0x28 ./src/main.o
 .debug_frame   0x00001334      0x12c ./src/rtos.o
 .debug_frame   0x00001460       0x28 C:/NXP/S32DS.3.5/S32DS/build_tools/gcc_b1620/gcc-6.3-arm32-eabi/arm-none-eabi/newlib/lib/thumb/v7e-m/fpv4-sp/hard\libc_nano.a(lib_a-memcpy-stub.o)
 .debug_frame   0x00001488       0x20 C:/NXP/S32DS.3.5/S32DS/build_tools/gcc_b1620/gcc-6.3-arm32-eabi/arm-none-eabi/newlib/lib/thumb/v7e-m/fpv4-sp/hard\libc_nano.a(lib_a-memset.o)
