Archive member included to satisfy reference by file (symbol)

C:/NXP/S32DS.3.5/S32DS/build_tools/gcc_b1620/gcc-6.3-arm32-eabi/arm-none-eabi/newlib/lib/thumb/v7e-m/fpv4-sp/hard\libc_nano.a(lib_a-exit.o)
                              C:/NXP/S32DS.3.5/S32DS/build_tools/gcc_b1620/gcc-6.3-arm32-eabi/arm-none-eabi/newlib/lib/thumb/v7e-m/fpv4-sp/hard/crt0.o (exit)
C:/NXP/S32DS.3.5/S32DS/build_tools/gcc_b1620/gcc-6.3-arm32-eabi/arm-none-eabi/newlib/lib/thumb/v7e-m/fpv4-sp/hard\libc_nano.a(lib_a-impure.o)
                              C:/NXP/S32DS.3.5/S32DS/build_tools/gcc_b1620/gcc-6.3-arm32-eabi/arm-none-eabi/newlib/lib/thumb/v7e-m/fpv4-sp/hard\libc_nano.a(lib_a-exit.o) (_global_impure_ptr)
C:/NXP/S32DS.3.5/S32DS/build_tools/gcc_b1620/gcc-6.3-arm32-eabi/arm-none-eabi/newlib/lib/thumb/v7e-m/fpv4-sp/hard\libc_nano.a(lib_a-init.o)
                              C:/NXP/S32DS.3.5/S32DS/build_tools/gcc_b1620/gcc-6.3-arm32-eabi/arm-none-eabi/newlib/lib/thumb/v7e-m/fpv4-sp/hard/crt0.o (__libc_init_array)
C:/NXP/S32DS.3.5/S32DS/build_tools/gcc_b1620/gcc-6.3-arm32-eabi/arm-none-eabi/newlib/lib/thumb/v7e-m/fpv4-sp/hard\libc_nano.a(lib_a-memcpy-stub.o)
                              ./SDK/rtos/FreeRTOS/Source/queue.o (memcpy)
C:/NXP/S32DS.3.5/S32DS/build_tools/gcc_b1620/gcc-6.3-arm32-eabi/arm-none-eabi/newlib/lib/thumb/v7e-m/fpv4-sp/hard\libc_nano.a(lib_a-memset.o)
                              C:/NXP/S32DS.3.5/S32DS/build_tools/gcc_b1620/gcc-6.3-arm32-eabi/arm-none-eabi/newlib/lib/thumb/v7e-m/fpv4-sp/hard/crt0.o (memset)
C:/NXP/S32DS.3.5/S32DS/build_tools/gcc_b1620/gcc-6.3-arm32-eabi/arm-none-eabi/newlib/lib/thumb/v7e-m/fpv4-sp/hard\libc_nano.a(lib_a-strlen.o)
                              ./SDK/rtos/FreeRTOS/Source/tasks.o (strlen)
C:/NXP/S32DS.3.5/S32DS/build_tools/gcc_b1620/gcc-6.3-arm32-eabi/arm-none-eabi/newlib/lib/thumb/v7e-m/fpv4-sp/hard\libnosys.a(_exit.o)
                              C:/NXP/S32DS.3.5/S32DS/build_tools/gcc_b1620/gcc-6.3-arm32-eabi/arm-none-eabi/newlib/lib/thumb/v7e-m/fpv4-sp/hard\libc_nano.a(lib_a-exit.o) (_exit)

Discarded input sections

 .text          0x00000000        0x0 c:/nxp/s32ds.3.5/s32ds/build_tools/gcc_b1620/gcc-6.3-arm32-eabi/bin/../lib/gcc/arm-none-eabi/6.3.1/thumb/v7e-m/fpv4-sp/hard/crti.o
 .data          0x00000000        0x0 c:/nxp/s32ds.3.5/s32ds/build_tools/gcc_b1620/gcc-6.3-arm32-eabi/bin/../lib/gcc/arm-none-eabi/6.3.1/thumb/v7e-m/fpv4-sp/hard/crti.o
 .bss           0x00000000        0x0 c:/nxp/s32ds.3.5/s32ds/build_tools/gcc_b1620/gcc-6.3-arm32-eabi/bin/../lib/gcc/arm-none-eabi/6.3.1/thumb/v7e-m/fpv4-sp/hard/crti.o
 .text          0x00000000       0xa4 c:/nxp/s32ds.3.5/s32ds/build_tools/gcc_b1620/gcc-6.3-arm32-eabi/bin/../lib/gcc/arm-none-eabi/6.3.1/thumb/v7e-m/fpv4-sp/hard/crtbegin.o
 .data          0x00000000        0x4 c:/nxp/s32ds.3.5/s32ds/build_tools/gcc_b1620/gcc-6.3-arm32-eabi/bin/../lib/gcc/arm-none-eabi/6.3.1/thumb/v7e-m/fpv4-sp/hard/crtbegin.o
 .bss           0x00000000       0x1c c:/nxp/s32ds.3.5/s32ds/build_tools/gcc_b1620/gcc-6.3-arm32-eabi/bin/../lib/gcc/arm-none-eabi/6.3.1/thumb/v7e-m/fpv4-sp/hard/crtbegin.o
 .init_array    0x00000000        0x4 c:/nxp/s32ds.3.5/s32ds/build_tools/gcc_b1620/gcc-6.3-arm32-eabi/bin/../lib/gcc/arm-none-eabi/6.3.1/thumb/v7e-m/fpv4-sp/hard/crtbegin.o
 .fini_array    0x00000000        0x4 c:/nxp/s32ds.3.5/s32ds/build_tools/gcc_b1620/gcc-6.3-arm32-eabi/bin/../lib/gcc/arm-none-eabi/6.3.1/thumb/v7e-m/fpv4-sp/hard/crtbegin.o
 .eh_frame      0x00000000        0x0 c:/nxp/s32ds.3.5/s32ds/build_tools/gcc_b1620/gcc-6.3-arm32-eabi/bin/../lib/gcc/arm-none-eabi/6.3.1/thumb/v7e-m/fpv4-sp/hard/crtbegin.o
 .jcr           0x00000000        0x0 c:/nxp/s32ds.3.5/s32ds/build_tools/gcc_b1620/gcc-6.3-arm32-eabi/bin/../lib/gcc/arm-none-eabi/6.3.1/thumb/v7e-m/fpv4-sp/hard/crtbegin.o
 .tm_clone_table
                0x00000000        0x0 c:/nxp/s32ds.3.5/s32ds/build_tools/gcc_b1620/gcc-6.3-arm32-eabi/bin/../lib/gcc/arm-none-eabi/6.3.1/thumb/v7e-m/fpv4-sp/hard/crtbegin.o
 .comment       0x00000000       0x7f c:/nxp/s32ds.3.5/s32ds/build_tools/gcc_b1620/gcc-6.3-arm32-eabi/bin/../lib/gcc/arm-none-eabi/6.3.1/thumb/v7e-m/fpv4-sp/hard/crtbegin.o
 .ARM.attributes
                0x00000000       0x34 c:/nxp/s32ds.3.5/s32ds/build_tools/gcc_b1620/gcc-6.3-arm32-eabi/bin/../lib/gcc/arm-none-eabi/6.3.1/thumb/v7e-m/fpv4-sp/hard/crtbegin.o
 .text          0x00000000       0x7c C:/NXP/S32DS.3.5/S32DS/build_tools/gcc_b1620/gcc-6.3-arm32-eabi/arm-none-eabi/newlib/lib/thumb/v7e-m/fpv4-sp/hard/crt0.o
 .data          0x00000000        0x0 C:/NXP/S32DS.3.5/S32DS/build_tools/gcc_b1620/gcc-6.3-arm32-eabi/arm-none-eabi/newlib/lib/thumb/v7e-m/fpv4-sp/hard/crt0.o
 .bss           0x00000000        0x0 C:/NXP/S32DS.3.5/S32DS/build_tools/gcc_b1620/gcc-6.3-arm32-eabi/arm-none-eabi/newlib/lib/thumb/v7e-m/fpv4-sp/hard/crt0.o
 .ARM.extab     0x00000000        0x0 C:/NXP/S32DS.3.5/S32DS/build_tools/gcc_b1620/gcc-6.3-arm32-eabi/arm-none-eabi/newlib/lib/thumb/v7e-m/fpv4-sp/hard/crt0.o
[...]
Memory Configuration

Name             Origin             Length             Attributes
m_interrupts     0x1fff0000         0x00000400         xr
m_text           0x1fff0400         0x0000fc00         xr
m_data           0x20000000         0x0000f000         rw
*default*        0x00000000         0xffffffff

Linker script and memory map

LOAD c:/nxp/s32ds.3.5/s32ds/build_tools/gcc_b1620/gcc-6.3-arm32-eabi/bin/../lib/gcc/arm-none-eabi/6.3.1/thumb/v7e-m/fpv4-sp/hard/crti.o
LOAD c:/nxp/s32ds.3.5/s32ds/build_tools/gcc_b1620/gcc-6.3-arm32-eabi/bin/../lib/gcc/arm-none-eabi/6.3.1/thumb/v7e-m/fpv4-sp/hard/crtbegin.o
LOAD C:/NXP/S32DS.3.5/S32DS/build_tools/gcc_b1620/gcc-6.3-arm32-eabi/arm-none-eabi/newlib/lib/thumb/v7e-m/fpv4-sp/hard/crt0.o
LOAD ./Project_Settings/Startup_Code/startup_S32K146.o
LOAD ./SDK/platform/devices/S32K146/startup/system_S32K146.o
LOAD ./SDK/platform/devices/startup.o
LOAD ./SDK/platform/drivers/src/clock/S32K1xx/clock_S32K1xx.o
LOAD ./SDK/platform/drivers/src/interrupt/interrupt_manager.o
LOAD ./SDK/platform/drivers/src/pins/pins_driver.o
LOAD ./SDK/platform/drivers/src/pins/pins_port_hw_access.o
LOAD ./SDK/rtos/FreeRTOS/Source/croutine.o
LOAD ./SDK/rtos/FreeRTOS/Source/event_groups.o
LOAD ./SDK/rtos/FreeRTOS/Source/list.o
LOAD ./SDK/rtos/FreeRTOS/Source/queue.o
LOAD ./SDK/rtos/FreeRTOS/Source/stream_buffer.o
LOAD ./SDK/rtos/FreeRTOS/Source/tasks.o
LOAD ./SDK/rtos/FreeRTOS/Source/timers.o
LOAD ./SDK/rtos/FreeRTOS/Source/portable/GCC/ARM_CM4F/port.o
LOAD ./SDK/rtos/FreeRTOS/Source/portable/MemMang/heap_1.o
LOAD ./board/clock_config.o
LOAD ./board/peripherals_FreeRTOS.o
LOAD ./board/pin_mux.o
LOAD ./src/Cxpi.o
LOAD ./src/Lpuart.o
LOAD ./src/Pwm_Ftm.o
LOAD ./src/main.o
LOAD ./src/rtos.o
START GROUP
LOAD c:/nxp/s32ds.3.5/s32ds/build_tools/gcc_b1620/gcc-6.3-arm32-eabi/bin/../lib/gcc/arm-none-eabi/6.3.1/thumb/v7e-m/fpv4-sp/hard\libgcc.a
LOAD C:/NXP/S32DS.3.5/S32DS/build_tools/gcc_b1620/gcc-6.3-arm32-eabi/arm-none-eabi/newlib/lib/thumb/v7e-m/fpv4-sp/hard\libc_nano.a
END GROUP
START GROUP
LOAD c:/nxp/s32ds.3.5/s32ds/build_tools/gcc_b1620/gcc-6.3-arm32-eabi/bin/../lib/gcc/arm-none-eabi/6.3.1/thumb/v7e-m/fpv4-sp/hard\libgcc.a
LOAD C:/NXP/S32DS.3.5/S32DS/build_tools/gcc_b1620/gcc-6.3-arm32-eabi/arm-none-eabi/newlib/lib/thumb/v7e-m/fpv4-sp/hard\libc_nano.a
LOAD C:/NXP/S32DS.3.5/S32DS/build_tools/gcc_b1620/gcc-6.3-arm32-eabi/arm-none-eabi/newlib/lib/thumb/v7e-m/fpv4-sp/hard\libnosys.a
END GROUP
START GROUP
LOAD c:/nxp/s32ds.3.5/s32ds/build_tools/gcc_b1620/gcc-6.3-arm32-eabi/bin/../lib/gcc/arm-none-eabi/6.3.1/thumb/v7e-m/fpv4-sp/hard\libgcc.a
LOAD C:/NXP/S32DS.3.5/S32DS/build_tools/gcc_b1620/gcc-6.3-arm32-eabi/arm-none-eabi/newlib/lib/thumb/v7e-m/fpv4-sp/hard\libc_nano.a
LOAD C:/NXP/S32DS.3.5/S32DS/build_tools/gcc_b1620/gcc-6.3-arm32-eabi/arm-none-eabi/newlib/lib/thumb/v7e-m/fpv4-sp/hard\libnosys.a
END GROUP
LOAD c:/nxp/s32ds.3.5/s32ds/build_tools/gcc_b1620/gcc-6.3-arm32-eabi/bin/../lib/gcc/arm-none-eabi/6.3.1/thumb/v7e-m/fpv4-sp/hard/crtend.o
LOAD c:/nxp/s32ds.3.5/s32ds/build_tools/gcc_b1620/gcc-6.3-arm32-eabi/bin/../lib/gcc/arm-none-eabi/6.3.1/thumb/v7e-m/fpv4-sp/hard/crtn.o
                0x00000400                HEAP_SIZE = DEFINED (__heap_size__)?__heap_size__:0x400
                0x00000400                STACK_SIZE = DEFINED (__stack_size__)?__stack_size__:0x400

.interrupts     0x1fff0000      0x400
                0x1fff0000                __VECTOR_TABLE = .
                0x1fff0000                __interrupts_start__ = .
                0x1fff0000                . = ALIGN (0x4)
 *(.isr_vector)
 .isr_vector    0x1fff0000      0x400 ./Project_Settings/Startup_Code/startup_S32K146.o
                0x1fff0000                __isr_vector
                0x1fff0400                __interrupts_end__ = .
                0x1fff0400                . = ALIGN (0x4)
                0x1fff0000                __VECTOR_RAM = __VECTOR_TABLE
                0x00000000                __RAM_VECTOR_TABLE_SIZE = 0x0

.text           0x1fff0400     0x300c
                0x1fff0400                . = ALIGN (0x4)
 *(.text)
 .text          0x1fff0400       0x4c ./Project_Settings/Startup_Code/startup_S32K146.o
                0x1fff0400                Reset_Handler
                0x1fff0448                FTM5_Ch2_Ch3_IRQHandler
                0x1fff0448                DebugMon_Handler
                0x1fff0448                Reserved88_IRQHandler
                0x1fff0448                CAN0_ORed_IRQHandler
                0x1fff0448                HardFault_Handler
                0x1fff0448                Reserved86_IRQHandler
                0x1fff0448                Reserved103_IRQHandler
                0x1fff0448                FTM2_Ovf_Reload_IRQHandler
                0x1fff0448                Reserved50_IRQHandler
                0x1fff0448                FTFC_Fault_IRQHandler
                0x1fff0448                FTM0_Ch6_Ch7_IRQHandler
                0x1fff0448                Reserved114_IRQHandler
                0x1fff0448                NMI_Handler
                0x1fff0448                Reserved89_IRQHandler
                0x1fff0448                ERM_double_fault_IRQHandler
                0x1fff0448                DMA2_IRQHandler
                0x1fff0448                Reserved59_IRQHandler
                0x1fff0448                LPIT0_Ch0_IRQHandler
                0x1fff0448                Reserved99_IRQHandler
                0x1fff0448                FTM3_Ch6_Ch7_IRQHandler
                0x1fff0448                CAN2_ORed_0_15_MB_IRQHandler
                0x1fff0448                LPIT0_Ch3_IRQHandler
                0x1fff0448                Reserved92_IRQHandler
                0x1fff0448                FTM0_Ch4_Ch5_IRQHandler
                0x1fff0448                CAN1_Error_IRQHandler
                0x1fff0448                FTM4_Ch6_Ch7_IRQHandler
                0x1fff0448                FTM3_Ch0_Ch1_IRQHandler
                0x1fff0448                SWI_IRQHandler
                0x1fff0448                ADC0_IRQHandler
                0x1fff0448                FTM2_Ch4_Ch5_IRQHandler
                0x1fff0448                UsageFault_Handler
                0x1fff0448                FTM0_Ovf_Reload_IRQHandler
                0x1fff0448                FTM4_Fault_IRQHandler
                0x1fff0448                DefaultISR
                0x1fff0448                DMA9_IRQHandler
                0x1fff0448                Reserved58_IRQHandler
                0x1fff0448                CAN1_ORed_0_15_MB_IRQHandler
                0x1fff0448                FTM1_Ch2_Ch3_IRQHandler
                0x1fff0448                DMA14_IRQHandler
                0x1fff0448                Reserved82_IRQHandler
                0x1fff0448                CAN0_ORed_16_31_MB_IRQHandler
                0x1fff0448                LPI2C0_Slave_IRQHandler
                0x1fff0448                Reserved71_IRQHandler
                0x1fff0448                PORTD_IRQHandler
                0x1fff0448                Reserved69_IRQHandler
                0x1fff0448                PORTB_IRQHandler
                0x1fff0448                Reserved70_IRQHandler
                0x1fff0448                ADC1_IRQHandler
                0x1fff0448                FTM2_Ch2_Ch3_IRQHandler
                0x1fff0448                FTM5_Ch0_Ch1_IRQHandler
                0x1fff0448                Reserved53_IRQHandler
                0x1fff0448                DMA5_IRQHandler
                0x1fff0448                RTC_IRQHandler
                0x1fff0448                PDB0_IRQHandler
                0x1fff0448                Reserved54_IRQHandler
                0x1fff0448                FTM2_Ch6_Ch7_IRQHandler
                0x1fff0448                FTM3_Ch2_Ch3_IRQHandler
                0x1fff0448                FTM2_Ch0_Ch1_IRQHandler
                0x1fff0448                LPSPI1_IRQHandler
                0x1fff0448                LPUART1_RxTx_IRQHandler
                0x1fff0448                FTM4_Ovf_Reload_IRQHandler
                0x1fff0448                RTC_Seconds_IRQHandler
                0x1fff0448                CAN2_ORed_IRQHandler
                0x1fff0448                Reserved72_IRQHandler
                0x1fff0448                Reserved110_IRQHandler
                0x1fff0448                DMA11_IRQHandler
                0x1fff0448                Reserved107_IRQHandler
                0x1fff0448                Read_Collision_IRQHandler
                0x1fff0448                CAN2_Error_IRQHandler
                0x1fff0448                FTFC_IRQHandler
                0x1fff0448                DMA7_IRQHandler
                0x1fff0448                FTM1_Ch6_Ch7_IRQHandler
                0x1fff0448                FTM5_Fault_IRQHandler
                0x1fff0448                LPIT0_Ch1_IRQHandler
                0x1fff0448                FTM4_Ch0_Ch1_IRQHandler
                0x1fff0448                FTM1_Ch4_Ch5_IRQHandler
                0x1fff0448                FTM3_Ovf_Reload_IRQHandler
                0x1fff0448                LPUART2_RxTx_IRQHandler
                0x1fff0448                FTM5_Ch4_Ch5_IRQHandler
                0x1fff0448                LPSPI0_IRQHandler
                0x1fff0448                WDOG_EWM_IRQHandler
                0x1fff0448                MemManage_Handler
                0x1fff0448                Reserved90_IRQHandler
                0x1fff0448                Reserved83_IRQHandler
                0x1fff0448                FTM0_Fault_IRQHandler
                0x1fff0448                Reserved48_IRQHandler
                0x1fff0448                ERM_single_fault_IRQHandler
                0x1fff0448                FTM2_Fault_IRQHandler
                0x1fff0448                FTM0_Ch2_Ch3_IRQHandler
                0x1fff0448                DMA13_IRQHandler
                0x1fff0448                FTM4_Ch2_Ch3_IRQHandler
                0x1fff0448                FTM0_Ch0_Ch1_IRQHandler
                0x1fff0448                FTM4_Ch4_Ch5_IRQHandler
                0x1fff0448                FTM5_Ovf_Reload_IRQHandler
                0x1fff0448                FTM3_Fault_IRQHandler
                0x1fff0448                RCM_IRQHandler
                0x1fff0448                DMA3_IRQHandler
                0x1fff0448                Reserved100_IRQHandler
                0x1fff0448                DMA0_IRQHandler
                0x1fff0448                Reserved91_IRQHandler
                0x1fff0448                CAN1_ORed_IRQHandler
                0x1fff0448                DMA15_IRQHandler
                0x1fff0448                SCG_IRQHandler
                0x1fff0448                PDB1_IRQHandler
                0x1fff0448                Reserved81_IRQHandler
                0x1fff0448                Reserved46_IRQHandler
                0x1fff0448                Reserved45_IRQHandler
                0x1fff0448                CAN0_Error_IRQHandler
                0x1fff0448                Reserved112_IRQHandler
                0x1fff0448                LPI2C0_Master_IRQHandler
                0x1fff0448                DMA4_IRQHandler
                0x1fff0448                FTM1_Fault_IRQHandler
                0x1fff0448                Reserved106_IRQHandler
                0x1fff0448                DMA_Error_IRQHandler
                0x1fff0448                LVD_LVW_IRQHandler
                0x1fff0448                LPIT0_Ch2_IRQHandler
                0x1fff0448                PORTA_IRQHandler
                0x1fff0448                FTM5_Ch6_Ch7_IRQHandler
                0x1fff0448                CAN1_ORed_16_31_MB_IRQHandler
                0x1fff0448                MCM_IRQHandler
                0x1fff0448                LPSPI2_IRQHandler
                0x1fff0448                DMA12_IRQHandler
                0x1fff0448                FTM3_Ch4_Ch5_IRQHandler
                0x1fff0448                CAN0_ORed_0_15_MB_IRQHandler
                0x1fff0448                PORTE_IRQHandler
                0x1fff0448                LPUART0_RxTx_IRQHandler
                0x1fff0448                LPTMR0_IRQHandler
                0x1fff0448                BusFault_Handler
                0x1fff0448                Reserved87_IRQHandler
                0x1fff0448                FTM1_Ovf_Reload_IRQHandler
                0x1fff0448                DMA8_IRQHandler
                0x1fff0448                Reserved93_IRQHandler
                0x1fff0448                DMA10_IRQHandler
                0x1fff0448                CAN0_Wake_Up_IRQHandler
                0x1fff0448                CMP0_IRQHandler
                0x1fff0448                Reserved52_IRQHandler
                0x1fff0448                PORTC_IRQHandler
                0x1fff0448                DMA6_IRQHandler
                0x1fff0448                FTM1_Ch0_Ch1_IRQHandler
                0x1fff0448                FLEXIO_IRQHandler
                0x1fff0448                DMA1_IRQHandler
                0x1fff0448                Reserved113_IRQHandler
 *(.text*)
 .text.SystemInit
                0x1fff044c       0x30 ./SDK/platform/devices/S32K146/startup/system_S32K146.o
                0x1fff044c                SystemInit
 .text.init_data_bss
                0x1fff047c       0xd8 ./SDK/platform/devices/startup.o
                0x1fff047c                init_data_bss
 .text.CLOCK_SYS_GetCurrentRunMode
                0x1fff0554       0x24 ./SDK/platform/drivers/src/clock/S32K1xx/clock_S32K1xx.o
 .text.CLOCK_SYS_GetSysOscFreq
                0x1fff0578       0x1c ./SDK/platform/drivers/src/clock/S32K1xx/clock_S32K1xx.o
 .text.CLOCK_SYS_ConfigureSOSC
                0x1fff0594      0x12c ./SDK/platform/drivers/src/clock/S32K1xx/clock_S32K1xx.o
 .text.CLOCK_SYS_GetSircFreq
                0x1fff06c0       0x2c ./SDK/platform/drivers/src/clock/S32K1xx/clock_S32K1xx.o
 .text.CLOCK_SYS_ConfigureSIRC
                0x1fff06ec       0xc4 ./SDK/platform/drivers/src/clock/S32K1xx/clock_S32K1xx.o
 .text.CLOCK_SYS_GetFircFreq
                0x1fff07b0       0x20 ./SDK/platform/drivers/src/clock/S32K1xx/clock_S32K1xx.o
 .text.CLOCK_SYS_ConfigureFIRC
                0x1fff07d0       0xb4 ./SDK/platform/drivers/src/clock/S32K1xx/clock_S32K1xx.o
 .text.CLOCK_SYS_GetSysPllFreq
                0x1fff0884       0x44 ./SDK/platform/drivers/src/clock/S32K1xx/clock_S32K1xx.o
 .text.CLOCK_SYS_ConfigureSPLL
                0x1fff08c8      0x12c ./SDK/platform/drivers/src/clock/S32K1xx/clock_S32K1xx.o
 .text.CLOCK_SYS_SetSystemClockConfig
                0x1fff09f4      0x204 ./SDK/platform/drivers/src/clock/S32K1xx/clock_S32K1xx.o
 .text.CLOCK_SYS_TransitionSystemClock
                0x1fff0bf8       0x54 ./SDK/platform/drivers/src/clock/S32K1xx/clock_S32K1xx.o
 .text.CLOCK_DRV_Init
                0x1fff0c4c      0x634 ./SDK/platform/drivers/src/clock/S32K1xx/clock_S32K1xx.o
                0x1fff0c4c                CLOCK_DRV_Init
 .text.CLOCK_SYS_Init
                0x1fff1280       0x28 ./SDK/platform/drivers/src/clock/S32K1xx/clock_S32K1xx.o
                0x1fff1280                CLOCK_SYS_Init
 .text.CLOCK_SYS_UpdateConfiguration
                0x1fff12a8       0xf4 ./SDK/platform/drivers/src/clock/S32K1xx/clock_S32K1xx.o
                0x1fff12a8                CLOCK_SYS_UpdateConfiguration
 .text.INT_SYS_InstallHandler
                0x1fff139c       0x60 ./SDK/platform/drivers/src/interrupt/interrupt_manager.o
                0x1fff139c                INT_SYS_InstallHandler
 .text.INT_SYS_EnableIRQ
                0x1fff13fc       0x28 ./SDK/platform/drivers/src/interrupt/interrupt_manager.o
                0x1fff13fc                INT_SYS_EnableIRQ
 .text.INT_SYS_EnableIRQGlobal
                0x1fff1424       0x1c ./SDK/platform/drivers/src/interrupt/interrupt_manager.o
                0x1fff1424                INT_SYS_EnableIRQGlobal
 .text.INT_SYS_DisableIRQGlobal
                0x1fff1440       0x10 ./SDK/platform/drivers/src/interrupt/interrupt_manager.o
                0x1fff1440                INT_SYS_DisableIRQGlobal
 .text.INT_SYS_SetPriority
                0x1fff1450       0x70 ./SDK/platform/drivers/src/interrupt/interrupt_manager.o
                0x1fff1450                INT_SYS_SetPriority
 .text.vListInitialise
                0x1fff14c0       0x16 ./SDK/rtos/FreeRTOS/Source/list.o
                0x1fff14c0                vListInitialise
 .text.vListInitialiseItem
                0x1fff14d6        0x6 ./SDK/rtos/FreeRTOS/Source/list.o
                0x1fff14d6                vListInitialiseItem
 .text.vListInsertEnd
                0x1fff14dc       0x18 ./SDK/rtos/FreeRTOS/Source/list.o
                0x1fff14dc                vListInsertEnd
 .text.vListInsert
                0x1fff14f4       0x34 ./SDK/rtos/FreeRTOS/Source/list.o
                0x1fff14f4                vListInsert
 .text.uxListRemove
                0x1fff1528       0x26 ./SDK/rtos/FreeRTOS/Source/list.o
                0x1fff1528                uxListRemove
 .text.prvIsQueueEmpty
                0x1fff154e       0x16 ./SDK/rtos/FreeRTOS/Source/queue.o
 .text.prvCopyDataToQueue
                0x1fff1564       0x76 ./SDK/rtos/FreeRTOS/Source/queue.o
 .text.prvCopyDataFromQueue
                0x1fff15da       0x24 ./SDK/rtos/FreeRTOS/Source/queue.o
 .text.prvUnlockQueue
                0x1fff15fe       0x82 ./SDK/rtos/FreeRTOS/Source/queue.o
 .text.xQueueGenericReset
                0x1fff1680       0x80 ./SDK/rtos/FreeRTOS/Source/queue.o
                0x1fff1680                xQueueGenericReset
 .text.xQueueGenericCreate
                0x1fff1700       0x44 ./SDK/rtos/FreeRTOS/Source/queue.o
                0x1fff1700                xQueueGenericCreate
 .text.xQueueGenericSend
                0x1fff1744      0x188 ./SDK/rtos/FreeRTOS/Source/queue.o
                0x1fff1744                xQueueGenericSend
 .text.xQueueGenericSendFromISR
                0x1fff18cc       0xd6 ./SDK/rtos/FreeRTOS/Source/queue.o
                0x1fff18cc                xQueueGenericSendFromISR
 *fill*         0x1fff19a2        0x2 
 .text.xQueueReceive
                0x1fff19a4      0x158 ./SDK/rtos/FreeRTOS/Source/queue.o
                0x1fff19a4                xQueueReceive
 .text.vQueueAddToRegistry
                0x1fff1afc       0x34 ./SDK/rtos/FreeRTOS/Source/queue.o
                0x1fff1afc                vQueueAddToRegistry
 .text.vQueueWaitForMessageRestricted
                0x1fff1b30       0x4e ./SDK/rtos/FreeRTOS/Source/queue.o
                0x1fff1b30                vQueueWaitForMessageRestricted
 *fill*         0x1fff1b7e        0x2 
 .text.prvResetNextTaskUnblockTime
                0x1fff1b80       0x2c ./SDK/rtos/FreeRTOS/Source/tasks.o
 .text.prvAddCurrentTaskToDelayedList
                0x1fff1bac       0xa0 ./SDK/rtos/FreeRTOS/Source/tasks.o
 .text.prvIdleTask
                0x1fff1c4c       0x74 ./SDK/rtos/FreeRTOS/Source/tasks.o
 .text.xTaskCreate
                0x1fff1cc0      0x1f4 ./SDK/rtos/FreeRTOS/Source/tasks.o
                0x1fff1cc0                xTaskCreate
 .text.vTaskStartScheduler
                0x1fff1eb4       0x84 ./SDK/rtos/FreeRTOS/Source/tasks.o
                0x1fff1eb4                vTaskStartScheduler
 .text.vTaskSuspendAll
                0x1fff1f38       0x10 ./SDK/rtos/FreeRTOS/Source/tasks.o
                0x1fff1f38                vTaskSuspendAll
 .text.xTaskGetTickCount
                0x1fff1f48        0xc ./SDK/rtos/FreeRTOS/Source/tasks.o
                0x1fff1f48                xTaskGetTickCount
 .text.xTaskIncrementTick
                0x1fff1f54      0x138 ./SDK/rtos/FreeRTOS/Source/tasks.o
                0x1fff1f54                xTaskIncrementTick
 .text.xTaskResumeAll
                0x1fff208c      0x100 ./SDK/rtos/FreeRTOS/Source/tasks.o
                0x1fff208c                xTaskResumeAll
 .text.vTaskDelay
                0x1fff218c       0x4c ./SDK/rtos/FreeRTOS/Source/tasks.o
                0x1fff218c                vTaskDelay
 .text.vTaskSwitchContext
                0x1fff21d8       0xc4 ./SDK/rtos/FreeRTOS/Source/tasks.o
                0x1fff21d8                vTaskSwitchContext
 .text.vTaskPlaceOnEventList
                0x1fff229c       0x30 ./SDK/rtos/FreeRTOS/Source/tasks.o
                0x1fff229c                vTaskPlaceOnEventList
 .text.vTaskPlaceOnEventListRestricted
                0x1fff22cc       0x3c ./SDK/rtos/FreeRTOS/Source/tasks.o
                0x1fff22cc                vTaskPlaceOnEventListRestricted
 .text.xTaskRemoveFromEventList
                0x1fff2308       0x88 ./SDK/rtos/FreeRTOS/Source/tasks.o
                0x1fff2308                xTaskRemoveFromEventList
 .text.vTaskInternalSetTimeOutState
                0x1fff2390       0x18 ./SDK/rtos/FreeRTOS/Source/tasks.o
                0x1fff2390                vTaskInternalSetTimeOutState
 .text.xTaskCheckForTimeOut
                0x1fff23a8       0x9c ./SDK/rtos/FreeRTOS/Source/tasks.o
                0x1fff23a8                xTaskCheckForTimeOut
 .text.vTaskMissedYield
                0x1fff2444        0xc ./SDK/rtos/FreeRTOS/Source/tasks.o
                0x1fff2444                vTaskMissedYield
 .text.xTaskGetSchedulerState
                0x1fff2450       0x20 ./SDK/rtos/FreeRTOS/Source/tasks.o
                0x1fff2450                xTaskGetSchedulerState
 .text.xTaskPriorityDisinherit
                0x1fff2470       0xb0 ./SDK/rtos/FreeRTOS/Source/tasks.o
                0x1fff2470                xTaskPriorityDisinherit
 .text.prvInsertTimerInActiveList
                0x1fff2520       0x48 ./SDK/rtos/FreeRTOS/Source/timers.o
 .text.prvCheckForValidListAndQueue
                0x1fff2568       0x5c ./SDK/rtos/FreeRTOS/Source/timers.o
 .text.xTimerCreateTimerTask
                0x1fff25c4       0x4c ./SDK/rtos/FreeRTOS/Source/timers.o
                0x1fff25c4                xTimerCreateTimerTask
 .text.xTimerGenericCommand
                0x1fff2610       0x60 ./SDK/rtos/FreeRTOS/Source/timers.o
                0x1fff2610                xTimerGenericCommand
 .text.prvSampleTimeNow
                0x1fff2670       0xac ./SDK/rtos/FreeRTOS/Source/timers.o
 .text.prvTimerTask
                0x1fff271c      0x1e8 ./SDK/rtos/FreeRTOS/Source/timers.o
 .text.prvTaskExitError
                0x1fff2904       0x40 ./SDK/rtos/FreeRTOS/Source/portable/GCC/ARM_CM4F/port.o
 .text.prvPortStartFirstTask
                0x1fff2944       0x28 ./SDK/rtos/FreeRTOS/Source/portable/GCC/ARM_CM4F/port.o
 .text.vPortEnableVFP
                0x1fff296c       0x14 ./SDK/rtos/FreeRTOS/Source/portable/GCC/ARM_CM4F/port.o
 .text.pxPortInitialiseStack
                0x1fff2980       0x2c ./SDK/rtos/FreeRTOS/Source/portable/GCC/ARM_CM4F/port.o
                0x1fff2980                pxPortInitialiseStack
 *fill*         0x1fff29ac        0x4 
 .text.SVC_Handler
                0x1fff29b0       0x24 ./SDK/rtos/FreeRTOS/Source/portable/GCC/ARM_CM4F/port.o
                0x1fff29b0                SVC_Handler
 .text.vPortEnterCritical
                0x1fff29d4       0x44 ./SDK/rtos/FreeRTOS/Source/portable/GCC/ARM_CM4F/port.o
                0x1fff29d4                vPortEnterCritical
 .text.vPortExitCritical
                0x1fff2a18       0x2c ./SDK/rtos/FreeRTOS/Source/portable/GCC/ARM_CM4F/port.o
                0x1fff2a18                vPortExitCritical
 *fill*         0x1fff2a44        0xc 
 .text.PendSV_Handler
                0x1fff2a50       0x64 ./SDK/rtos/FreeRTOS/Source/portable/GCC/ARM_CM4F/port.o
                0x1fff2a50                PendSV_Handler
 .text.SysTick_Handler
                0x1fff2ab4       0x2c ./SDK/rtos/FreeRTOS/Source/portable/GCC/ARM_CM4F/port.o
                0x1fff2ab4                SysTick_Handler
 .text.vPortSetupTimerInterrupt
                0x1fff2ae0       0x24 ./SDK/rtos/FreeRTOS/Source/portable/GCC/ARM_CM4F/port.o
                0x1fff2ae0                vPortSetupTimerInterrupt
 .text.xPortStartScheduler
                0x1fff2b04      0x118 ./SDK/rtos/FreeRTOS/Source/portable/GCC/ARM_CM4F/port.o
                0x1fff2b04                xPortStartScheduler
 .text.vPortValidateInterruptPriority
                0x1fff2c1c       0x5c ./SDK/rtos/FreeRTOS/Source/portable/GCC/ARM_CM4F/port.o
                0x1fff2c1c                vPortValidateInterruptPriority
 .text.pvPortMalloc
                0x1fff2c78       0x64 ./SDK/rtos/FreeRTOS/Source/portable/MemMang/heap_1.o
                0x1fff2c78                pvPortMalloc
 .text.vPortFree
                0x1fff2cdc       0x16 ./SDK/rtos/FreeRTOS/Source/portable/MemMang/heap_1.o
                0x1fff2cdc                vPortFree
 *fill*         0x1fff2cf2        0x2 
 .text.xPortGetFreeHeapSize
                0x1fff2cf4       0x10 ./SDK/rtos/FreeRTOS/Source/portable/MemMang/heap_1.o
                0x1fff2cf4                xPortGetFreeHeapSize
 .text.Lpuart_Init
                0x1fff2d04       0x88 ./src/Lpuart.o
                0x1fff2d04                Lpuart_Init
 .text.Lpuart_SendData
                0x1fff2d8c       0x18 ./src/Lpuart.o
                0x1fff2d8c                Lpuart_SendData
 .text.CxpiPWMCenterAlignInit
                0x1fff2da4       0x60 ./src/Pwm_Ftm.o
                0x1fff2da4                CxpiPWMCenterAlignInit
 .text.CxpiPWMStop
                0x1fff2e04       0x10 ./src/Pwm_Ftm.o
                0x1fff2e04                CxpiPWMStop
 .text.CxpiPWMStart
                0x1fff2e14       0x10 ./src/Pwm_Ftm.o
                0x1fff2e14                CxpiPWMStart
 .text.CxpiPWMCenterAlignInitMotor1
                0x1fff2e24       0x6c ./src/Pwm_Ftm.o
                0x1fff2e24                CxpiPWMCenterAlignInitMotor1
 .text.CxpiPWMStartMotor1
                0x1fff2e90       0x10 ./src/Pwm_Ftm.o
                0x1fff2e90                CxpiPWMStartMotor1
 .text.CxpiPWMCenterAlignInitMotor
                0x1fff2ea0       0x60 ./src/Pwm_Ftm.o
                0x1fff2ea0                CxpiPWMCenterAlignInitMotor
 .text.CxpiPWMStartMotor
                0x1fff2f00       0x10 ./src/Pwm_Ftm.o
                0x1fff2f00                CxpiPWMStartMotor
 .text.main     0x1fff2f10        0xa ./src/main.o
                0x1fff2f10                main
 *fill*         0x1fff2f1a        0x2 
 .text.CxpiSlaveTask
                0x1fff2f1c       0x2c ./src/rtos.o
 .text.CxpiMasterTask
                0x1fff2f48       0x3c ./src/rtos.o
 .text.vLpuart0_ISRHandler
                0x1fff2f84       0x54 ./src/rtos.o
                0x1fff2f84                vLpuart0_ISRHandler
 .text.vLpuart2_ISRHandler
                0x1fff2fd8       0x54 ./src/rtos.o
                0x1fff2fd8                vLpuart2_ISRHandler
 .text.rtos_start
                0x1fff302c      0x188 ./src/rtos.o
                0x1fff302c                rtos_start
 .text.vApplicationMallocFailedHook
                0x1fff31b4       0x12 ./src/rtos.o
                0x1fff31b4                vApplicationMallocFailedHook
 .text.vApplicationStackOverflowHook
                0x1fff31c6       0x12 ./src/rtos.o
                0x1fff31c6                vApplicationStackOverflowHook
 .text.vApplicationIdleHook
                0x1fff31d8       0x12 ./src/rtos.o
                0x1fff31d8                vApplicationIdleHook
 .text.vApplicationTickHook
                0x1fff31ea        0x2 ./src/rtos.o
                0x1fff31ea                vApplicationTickHook
 .text.memcpy   0x1fff31ec       0x1c C:/NXP/S32DS.3.5/S32DS/build_tools/gcc_b1620/gcc-6.3-arm32-eabi/arm-none-eabi/newlib/lib/thumb/v7e-m/fpv4-sp/hard\libc_nano.a(lib_a-memcpy-stub.o)
                0x1fff31ec                memcpy
 .text.memset   0x1fff3208       0x10 C:/NXP/S32DS.3.5/S32DS/build_tools/gcc_b1620/gcc-6.3-arm32-eabi/arm-none-eabi/newlib/lib/thumb/v7e-m/fpv4-sp/hard\libc_nano.a(lib_a-memset.o)
                0x1fff3208                memset
 *(.rodata)
 *(.rodata*)
 .rodata.clockNameMappings
                0x1fff3218       0xa2 ./SDK/platform/drivers/src/clock/S32K1xx/clock_S32K1xx.o
                0x1fff3218                clockNameMappings
 *fill*         0x1fff32ba        0x2 
 .rodata.maxSysClksInHSRUN.7675
                0x1fff32bc       0x54 ./SDK/platform/drivers/src/clock/S32K1xx/clock_S32K1xx.o
 .rodata.maxSysClksInRUN.7674
                0x1fff3310       0x54 ./SDK/platform/drivers/src/clock/S32K1xx/clock_S32K1xx.o
 .rodata.maxSysClksInVLPR.7673
                0x1fff3364       0x54 ./SDK/platform/drivers/src/clock/S32K1xx/clock_S32K1xx.o
 .rodata.vTaskStartScheduler.str1.4
                0x1fff33b8        0x5 ./SDK/rtos/FreeRTOS/Source/tasks.o
 *fill*         0x1fff33bd        0x3 
 .rodata.prvCheckForValidListAndQueue.str1.4
                0x1fff33c0        0x5 ./SDK/rtos/FreeRTOS/Source/timers.o
 *fill*         0x1fff33c5        0x3 
 .rodata.xTimerCreateTimerTask.str1.4
                0x1fff33c8        0x8 ./SDK/rtos/FreeRTOS/Source/timers.o
 .rodata.LpuartBasePtr
                0x1fff33d0        0xc ./src/Lpuart.o
                0x1fff33d0                LpuartBasePtr
 .rodata.LpuartPccIndex
                0x1fff33dc        0x3 ./src/Lpuart.o
                0x1fff33dc                LpuartPccIndex
 *fill*         0x1fff33df        0x1 
 .rodata.rtos_start.str1.4
                0x1fff33e0       0x24 ./src/rtos.o
 *(.init)
 .init          0x1fff3404        0x4 c:/nxp/s32ds.3.5/s32ds/build_tools/gcc_b1620/gcc-6.3-arm32-eabi/bin/../lib/gcc/arm-none-eabi/6.3.1/thumb/v7e-m/fpv4-sp/hard/crti.o
                0x1fff3404                _init
 *(.fini)
 .fini          0x1fff3408        0x4 c:/nxp/s32ds.3.5/s32ds/build_tools/gcc_b1620/gcc-6.3-arm32-eabi/bin/../lib/gcc/arm-none-eabi/6.3.1/thumb/v7e-m/fpv4-sp/hard/crti.o
                0x1fff3408                _fini
 *(.eh_frame)
                0x1fff340c                . = ALIGN (0x4)

.glue_7         0x1fff340c        0x0
 .glue_7        0x1fff340c        0x0 linker stubs

.glue_7t        0x1fff340c        0x0
 .glue_7t       0x1fff340c        0x0 linker stubs

.vfp11_veneer   0x1fff340c        0x0
 .vfp11_veneer  0x1fff340c        0x0 linker stubs

.v4_bx          0x1fff340c        0x0
 .v4_bx         0x1fff340c        0x0 linker stubs

.iplt           0x1fff340c        0x0
 .iplt          0x1fff340c        0x0 ./Project_Settings/Startup_Code/startup_S32K146.o

.rel.dyn        0x1fff340c        0x0
 .rel.iplt      0x1fff340c        0x0 ./Project_Settings/Startup_Code/startup_S32K146.o

.ARM            0x1fff340c        0x0
                0x1fff340c                __exidx_start = .
 *(.ARM.exidx*)
                0x1fff340c                __exidx_end = .

.code_ram       0x1fff340c        0x0
                0x1fff340c                . = ALIGN (0x4)
                0x1fff340c                __CODE_RAM = .
                0x1fff340c                __code_ram_start__ = .
 *(.code_ram)
                0x1fff340c                __CODE_ROM = .
                0x1fff340c                __CODE_END = .
                0x1fff340c                __code_ram_end__ = .
                0x1fff340c                . = ALIGN (0x4)
                0x1fff340c                __etext = .
                0x1fff340c                __DATA_ROM = .
                0x1fff340c                __DATA_END = __DATA_ROM

.customSectionBlock
                0x20000000        0x0
                0x20000000                __customSection_start__ = .
 *(.customSection)
                0x20000000                __customSection_end__ = .
                0x20000000                __CUSTOM_ROM = .
                0x20000000                __CUSTOM_END = .

.data           0x20000000      0x1f0
                0x20000000                . = ALIGN (0x4)
                0x20000000                __DATA_RAM = .
                0x20000000                __data_start__ = .
 *(.data)
 *(.data*)
 .data.peripheralClockConfig.7418
                0x20000000       0xaa ./SDK/platform/drivers/src/clock/S32K1xx/clock_S32K1xx.o
 *fill*         0x200000aa        0x2 
 .data.uxCriticalNesting
                0x200000ac        0x4 ./SDK/rtos/FreeRTOS/Source/portable/GCC/ARM_CM4F/port.o
 .data.clockMan1_InitConfig0
                0x200000b0       0x90 ./board/clock_config.o
                0x200000b0                clockMan1_InitConfig0
 .data.g_clockManConfigsArr
                0x20000140        0x4 ./board/clock_config.o
                0x20000140                g_clockManConfigsArr
 .data.peripheralClockConfig0
                0x20000144       0xaa ./board/clock_config.o
                0x20000144                peripheralClockConfig0
                0x200001f0                . = ALIGN (0x4)
 *fill*         0x200001ee        0x2 
                0x200001f0                __data_end__ = .

.igot.plt       0x200001f0        0x0
 .igot.plt      0x200001f0        0x0 ./Project_Settings/Startup_Code/startup_S32K146.o

.bss            0x200001f0     0x21cc
                0x200001f0                . = ALIGN (0x4)
                0x200001f0                __BSS_START = .
                0x200001f0                __bss_start__ = .
 *(.bss)
 *(.bss*)
 .bss.g_RtcClkInFreq
                0x200001f0        0x4 ./SDK/platform/drivers/src/clock/S32K1xx/clock_S32K1xx.o
                0x200001f0                g_RtcClkInFreq
 .bss.g_TClkFreq
                0x200001f4        0xc ./SDK/platform/drivers/src/clock/S32K1xx/clock_S32K1xx.o
                0x200001f4                g_TClkFreq
 .bss.g_clockState
                0x20000200       0x10 ./SDK/platform/drivers/src/clock/S32K1xx/clock_S32K1xx.o
 .bss.g_xtal0ClkFreq
                0x20000210        0x4 ./SDK/platform/drivers/src/clock/S32K1xx/clock_S32K1xx.o
                0x20000210                g_xtal0ClkFreq
 .bss.g_interruptDisableCount
                0x20000214        0x4 ./SDK/platform/drivers/src/interrupt/interrupt_manager.o
 .bss.xQueueRegistry
                0x20000218       0x40 ./SDK/rtos/FreeRTOS/Source/queue.o
                0x20000218                xQueueRegistry
 .bss.pxCurrentTCB
                0x20000258        0x4 ./SDK/rtos/FreeRTOS/Source/tasks.o
                0x20000258                pxCurrentTCB
 .bss.pxDelayedTaskList
                0x2000025c        0x4 ./SDK/rtos/FreeRTOS/Source/tasks.o
 .bss.pxOverflowDelayedTaskList
                0x20000260        0x4 ./SDK/rtos/FreeRTOS/Source/tasks.o
 .bss.pxReadyTasksLists
                0x20000264       0x64 ./SDK/rtos/FreeRTOS/Source/tasks.o
 .bss.uxCurrentNumberOfTasks
                0x200002c8        0x4 ./SDK/rtos/FreeRTOS/Source/tasks.o
 .bss.uxDeletedTasksWaitingCleanUp
                0x200002cc        0x4 ./SDK/rtos/FreeRTOS/Source/tasks.o
 .bss.uxPendedTicks
                0x200002d0        0x4 ./SDK/rtos/FreeRTOS/Source/tasks.o
 .bss.uxSchedulerSuspended
                0x200002d4        0x4 ./SDK/rtos/FreeRTOS/Source/tasks.o
 .bss.uxTaskNumber
                0x200002d8        0x4 ./SDK/rtos/FreeRTOS/Source/tasks.o
 .bss.uxTopReadyPriority
                0x200002dc        0x4 ./SDK/rtos/FreeRTOS/Source/tasks.o
 .bss.xDelayedTaskList1
                0x200002e0       0x14 ./SDK/rtos/FreeRTOS/Source/tasks.o
 .bss.xDelayedTaskList2
                0x200002f4       0x14 ./SDK/rtos/FreeRTOS/Source/tasks.o
 .bss.xIdleTaskHandle
                0x20000308        0x4 ./SDK/rtos/FreeRTOS/Source/tasks.o
 .bss.xNextTaskUnblockTime
                0x2000030c        0x4 ./SDK/rtos/FreeRTOS/Source/tasks.o
 .bss.xNumOfOverflows
                0x20000310        0x4 ./SDK/rtos/FreeRTOS/Source/tasks.o
 .bss.xPendingReadyList
                0x20000314       0x14 ./SDK/rtos/FreeRTOS/Source/tasks.o
 .bss.xSchedulerRunning
                0x20000328        0x4 ./SDK/rtos/FreeRTOS/Source/tasks.o
 .bss.xSuspendedTaskList
                0x2000032c       0x14 ./SDK/rtos/FreeRTOS/Source/tasks.o
 .bss.xTasksWaitingTermination
                0x20000340       0x14 ./SDK/rtos/FreeRTOS/Source/tasks.o
 .bss.xTickCount
                0x20000354        0x4 ./SDK/rtos/FreeRTOS/Source/tasks.o
 .bss.xYieldPending
                0x20000358        0x4 ./SDK/rtos/FreeRTOS/Source/tasks.o
 .bss.pxCurrentTimerList
                0x2000035c        0x4 ./SDK/rtos/FreeRTOS/Source/timers.o
 .bss.pxOverflowTimerList
                0x20000360        0x4 ./SDK/rtos/FreeRTOS/Source/timers.o
 .bss.xActiveTimerList1
                0x20000364       0x14 ./SDK/rtos/FreeRTOS/Source/timers.o
 .bss.xActiveTimerList2
                0x20000378       0x14 ./SDK/rtos/FreeRTOS/Source/timers.o
 .bss.xLastTime.6402
                0x2000038c        0x4 ./SDK/rtos/FreeRTOS/Source/timers.o
 .bss.xTimerQueue
                0x20000390        0x4 ./SDK/rtos/FreeRTOS/Source/timers.o
 .bss.xTimerTaskHandle
                0x20000394        0x4 ./SDK/rtos/FreeRTOS/Source/timers.o
 .bss.ucMaxSysCallPriority
                0x20000398        0x1 ./SDK/rtos/FreeRTOS/Source/portable/GCC/ARM_CM4F/port.o
 *fill*         0x20000399        0x3 
 .bss.ulMaxPRIGROUPValue
                0x2000039c        0x4 ./SDK/rtos/FreeRTOS/Source/portable/GCC/ARM_CM4F/port.o
 .bss.pucAlignedHeap.6092
                0x200003a0        0x4 ./SDK/rtos/FreeRTOS/Source/portable/MemMang/heap_1.o
 .bss.ucHeap    0x200003a4     0x2000 ./SDK/rtos/FreeRTOS/Source/portable/MemMang/heap_1.o
 .bss.xNextFreeByte
                0x200023a4        0x4 ./SDK/rtos/FreeRTOS/Source/portable/MemMang/heap_1.o
 .bss.g_clockManCallbacksArr
                0x200023a8        0x4 ./board/clock_config.o
                0x200023a8                g_clockManCallbacksArr
 .bss.rxByte.7688
                0x200023ac        0x1 ./src/rtos.o
 .bss.rxByte.7693
                0x200023ad        0x1 ./src/rtos.o
 .bss.rxByte.7697
                0x200023ae        0x1 ./src/rtos.o
 .bss.rxByte.7702
                0x200023af        0x1 ./src/rtos.o
 .bss.xQueueCxpiRxMaster
                0x200023b0        0x4 ./src/rtos.o
 .bss.xQueueCxpiRxSpiTableMaster
                0x200023b4        0x4 ./src/rtos.o
 .bss.xQueueCxpiRxUartSlave
                0x200023b8        0x4 ./src/rtos.o
 *(COMMON)
                0x200023bc                . = ALIGN (0x4)
                0x200023bc                __bss_end__ = .
                0x200023bc                __BSS_END = .

.heap           0x200023bc      0x404
                0x200023c0                . = ALIGN (0x8)
 *fill*         0x200023bc        0x4 
                0x200023c0                __end__ = .
                0x200023c0                __heap_start__ = .
                [!provide]                PROVIDE (end = .)
                [!provide]                PROVIDE (_end = .)
                [!provide]                PROVIDE (__end = .)
                0x200023c0                __HeapBase = .
                0x200027c0                . = (. + HEAP_SIZE)
 *fill*         0x200023c0      0x400 
                0x200027c0                __HeapLimit = .
                0x200027c0                __heap_limit = .
                0x200027c0                __heap_end__ = .
                0x2000f000                __StackTop = (ORIGIN (m_data) + LENGTH (m_data))
                0x2000ec00                __StackLimit = (__StackTop - STACK_SIZE)
                0x2000f000                PROVIDE (__stack = __StackTop)

.stack          0x2000ec00      0x400
                0x2000ec00                . = ALIGN (0x8)
                0x2000ec00                __stack_start__ = .
                0x2000f000                . = (. + STACK_SIZE)
 *fill*         0x2000ec00      0x400 
                0x2000f000                __stack_end__ = .

.ARM.attributes
                0x00000000       0x30
 *(.ARM.attributes)
 .ARM.attributes
                0x00000000       0x22 c:/nxp/s32ds.3.5/s32ds/build_tools/gcc_b1620/gcc-6.3-arm32-eabi/bin/../lib/gcc/arm-none-eabi/6.3.1/thumb/v7e-m/fpv4-sp/hard/crti.o
 .ARM.attributes
                0x00000022       0x1f ./Project_Settings/Startup_Code/startup_S32K146.o
 .ARM.attributes
                0x00000041       0x39 ./SDK/platform/devices/S32K146/startup/system_S32K146.o
 .ARM.attributes
                0x0000007a       0x39 ./SDK/platform/devices/startup.o
 .ARM.attributes
                0x000000b3       0x39 ./SDK/platform/drivers/src/clock/S32K1xx/clock_S32K1xx.o
 .ARM.attributes
                0x000000ec       0x39 ./SDK/platform/drivers/src/interrupt/interrupt_manager.o
 .ARM.attributes
                0x00000125       0x39 ./SDK/rtos/FreeRTOS/Source/list.o
 .ARM.attributes
                0x0000015e       0x39 ./SDK/rtos/FreeRTOS/Source/queue.o
 .ARM.attributes
                0x00000197       0x39 ./SDK/rtos/FreeRTOS/Source/tasks.o
 .ARM.attributes
                0x000001d0       0x39 ./SDK/rtos/FreeRTOS/Source/timers.o
 .ARM.attributes
                0x00000209       0x39 ./SDK/rtos/FreeRTOS/Source/portable/GCC/ARM_CM4F/port.o
 .ARM.attributes
                0x00000242       0x39 ./SDK/rtos/FreeRTOS/Source/portable/MemMang/heap_1.o
 .ARM.attributes
                0x0000027b       0x39 ./board/clock_config.o
 .ARM.attributes
                0x000002b4       0x39 ./src/Lpuart.o
 .ARM.attributes
                0x000002ed       0x39 ./src/Pwm_Ftm.o
 .ARM.attributes
                0x00000326       0x39 ./src/main.o
 .ARM.attributes
                0x0000035f       0x39 ./src/rtos.o
 .ARM.attributes
                0x00000398       0x34 C:/NXP/S32DS.3.5/S32DS/build_tools/gcc_b1620/gcc-6.3-arm32-eabi/arm-none-eabi/newlib/lib/thumb/v7e-m/fpv4-sp/hard\libc_nano.a(lib_a-memcpy-stub.o)
 .ARM.attributes
                0x000003cc       0x34 C:/NXP/S32DS.3.5/S32DS/build_tools/gcc_b1620/gcc-6.3-arm32-eabi/arm-none-eabi/newlib/lib/thumb/v7e-m/fpv4-sp/hard\libc_nano.a(lib_a-memset.o)
                0x00000001                ASSERT ((__StackLimit >= __HeapLimit), region m_data overflowed with stack and heap)

/DISCARD/
 *(.FlashConfig)
OUTPUT(CxpiLoopbackFreertos_s32k146.elf elf32-littlearm)

.debug_line     0x00000000     0x6d90
 .debug_line    0x00000000       0xbf ./Project_Settings/Startup_Code/startup_S32K146.o
 .debug_line    0x000000bf      0x427 ./SDK/platform/devices/S32K146/startup/system_S32K146.o
 .debug_line    0x000004e6      0x3b5 ./SDK/platform/devices/startup.o
 .debug_line    0x0000089b     0x1538 ./SDK/platform/drivers/src/clock/S32K1xx/clock_S32K1xx.o
 .debug_line    0x00001dd3      0x5ae ./SDK/platform/drivers/src/interrupt/interrupt_manager.o
 .debug_line    0x00002381      0x4ef ./SDK/rtos/FreeRTOS/Source/list.o
 .debug_line    0x00002870      0xb14 ./SDK/rtos/FreeRTOS/Source/queue.o
 .debug_line    0x00003384      0xeff ./SDK/rtos/FreeRTOS/Source/tasks.o
 .debug_line    0x00004283      0x744 ./SDK/rtos/FreeRTOS/Source/timers.o
 .debug_line    0x000049c7      0x53f ./SDK/rtos/FreeRTOS/Source/portable/GCC/ARM_CM4F/port.o
 .debug_line    0x00004f06      0x4f0 ./SDK/rtos/FreeRTOS/Source/portable/MemMang/heap_1.o
 .debug_line    0x000053f6      0x455 ./board/clock_config.o
 .debug_line    0x0000584b      0x34e ./src/Lpuart.o
 .debug_line    0x00005b99      0x3b1 ./src/Pwm_Ftm.o
 .debug_line    0x00005f4a      0x63c ./src/main.o
 .debug_line    0x00006586      0x80a ./src/rtos.o

.debug_info     0x00000000    0x15a1e
 .debug_info    0x00000000       0x26 ./Project_Settings/Startup_Code/startup_S32K146.o
 .debug_info    0x00000026      0x521 ./SDK/platform/devices/S32K146/startup/system_S32K146.o
 .debug_info    0x00000547      0x2ad ./SDK/platform/devices/startup.o
 .debug_info    0x000007f4     0x62e8 ./SDK/platform/drivers/src/clock/S32K1xx/clock_S32K1xx.o
 .debug_info    0x00006adc      0xce6 ./SDK/platform/drivers/src/interrupt/interrupt_manager.o
 .debug_info    0x000077c2      0xab3 ./SDK/rtos/FreeRTOS/Source/list.o
 .debug_info    0x00008275     0x2827 ./SDK/rtos/FreeRTOS/Source/queue.o
 .debug_info    0x0000aa9c     0x31c4 ./SDK/rtos/FreeRTOS/Source/tasks.o
 .debug_info    0x0000dc60     0x1b37 ./SDK/rtos/FreeRTOS/Source/timers.o
 .debug_info    0x0000f797      0x560 ./SDK/rtos/FreeRTOS/Source/portable/GCC/ARM_CM4F/port.o
 .debug_info    0x0000fcf7      0xa1e ./SDK/rtos/FreeRTOS/Source/portable/MemMang/heap_1.o
 .debug_info    0x00010715     0x12d1 ./board/clock_config.o
 .debug_info    0x000119e6      0x494 ./src/Lpuart.o
 .debug_info    0x00011e7a      0x666 ./src/Pwm_Ftm.o
 .debug_info    0x000124e0     0x151e ./src/main.o
 .debug_info    0x000139fe     0x2020 ./src/rtos.o

.debug_abbrev   0x00000000     0x23c3
 .debug_abbrev  0x00000000       0x14 ./Project_Settings/Startup_Code/startup_S32K146.o
 .debug_abbrev  0x00000014      0x141 ./SDK/platform/devices/S32K146/startup/system_S32K146.o
 .debug_abbrev  0x00000155       0xe1 ./SDK/platform/devices/startup.o
 .debug_abbrev  0x00000236      0x409 ./SDK/platform/drivers/src/clock/S32K1xx/clock_S32K1xx.o
 .debug_abbrev  0x0000063f      0x278 ./SDK/platform/drivers/src/interrupt/interrupt_manager.o
 .debug_abbrev  0x000008b7      0x210 ./SDK/rtos/FreeRTOS/Source/list.o
 .debug_abbrev  0x00000ac7      0x3c6 ./SDK/rtos/FreeRTOS/Source/queue.o
 .debug_abbrev  0x00000e8d      0x41b ./SDK/rtos/FreeRTOS/Source/tasks.o
 .debug_abbrev  0x000012a8      0x3bd ./SDK/rtos/FreeRTOS/Source/timers.o
 .debug_abbrev  0x00001665      0x22a ./SDK/rtos/FreeRTOS/Source/portable/GCC/ARM_CM4F/port.o
 .debug_abbrev  0x0000188f      0x2b2 ./SDK/rtos/FreeRTOS/Source/portable/MemMang/heap_1.o
 .debug_abbrev  0x00001b41      0x125 ./board/clock_config.o
 .debug_abbrev  0x00001c66      0x15a ./src/Lpuart.o
 .debug_abbrev  0x00001dc0      0x1ae ./src/Pwm_Ftm.o
 .debug_abbrev  0x00001f6e      0x14e ./src/main.o
 .debug_abbrev  0x000020bc      0x307 ./src/rtos.o

.debug_aranges  0x00000000      0x7d8
 .debug_aranges
                0x00000000       0x20 ./Project_Settings/Startup_Code/startup_S32K146.o
 .debug_aranges
                0x00000020       0x30 ./SDK/platform/devices/S32K146/startup/system_S32K146.o
 .debug_aranges
                0x00000050       0x20 ./SDK/platform/devices/startup.o
 .debug_aranges
                0x00000070      0x128 ./SDK/platform/drivers/src/clock/S32K1xx/clock_S32K1xx.o
 .debug_aranges
                0x00000198       0x70 ./SDK/platform/drivers/src/interrupt/interrupt_manager.o
 .debug_aranges
                0x00000208       0x40 ./SDK/rtos/FreeRTOS/Source/list.o
 .debug_aranges
                0x00000248      0x108 ./SDK/rtos/FreeRTOS/Source/queue.o
 .debug_aranges
                0x00000350      0x1b0 ./SDK/rtos/FreeRTOS/Source/tasks.o
 .debug_aranges
                0x00000500       0xa0 ./SDK/rtos/FreeRTOS/Source/timers.o
 .debug_aranges
                0x000005a0       0x80 ./SDK/rtos/FreeRTOS/Source/portable/GCC/ARM_CM4F/port.o
 .debug_aranges
                0x00000620       0x38 ./SDK/rtos/FreeRTOS/Source/portable/MemMang/heap_1.o
 .debug_aranges
                0x00000658       0x18 ./board/clock_config.o
 .debug_aranges
                0x00000670       0x58 ./src/Lpuart.o
 .debug_aranges
                0x000006c8       0x70 ./src/Pwm_Ftm.o
 .debug_aranges
                0x00000738       0x20 ./src/main.o
 .debug_aranges
                0x00000758       0x80 ./src/rtos.o

.debug_str      0x00000000    0x7a478
 .debug_str     0x00000000       0xc5 ./Project_Settings/Startup_Code/startup_S32K146.o
 .debug_str     0x000000c5    0x699b7 ./SDK/platform/devices/S32K146/startup/system_S32K146.o
                              0x69b48 (size before relaxing)
 .debug_str     0x00069a7c      0x399 ./SDK/platform/devices/startup.o
                              0x69cba (size before relaxing)
 .debug_str     0x00069e15     0x416f ./SDK/platform/drivers/src/clock/S32K1xx/clock_S32K1xx.o
                              0x6de40 (size before relaxing)
 .debug_str     0x0006df84      0x8a0 ./SDK/platform/drivers/src/interrupt/interrupt_manager.o
                              0x6a535 (size before relaxing)
 .debug_str     0x0006e824     0x63f0 ./SDK/rtos/FreeRTOS/Source/list.o
                               0x9c25 (size before relaxing)
 .debug_str     0x00074c14     0x1861 ./SDK/rtos/FreeRTOS/Source/queue.o
                               0xb47a (size before relaxing)
 .debug_str     0x00076475     0x22af ./SDK/rtos/FreeRTOS/Source/tasks.o
                               0xc8c9 (size before relaxing)
 .debug_str     0x00078724      0x5af ./SDK/rtos/FreeRTOS/Source/timers.o
                               0xb8f6 (size before relaxing)
 .debug_str     0x00078cd3      0x7ab ./SDK/rtos/FreeRTOS/Source/portable/GCC/ARM_CM4F/port.o
                               0x7ec2 (size before relaxing)
 .debug_str     0x0007947e      0x12d ./SDK/rtos/FreeRTOS/Source/portable/MemMang/heap_1.o
                               0xa2f7 (size before relaxing)
 .debug_str     0x000795ab       0xda ./board/clock_config.o
                              0x6bc31 (size before relaxing)
 .debug_str     0x00079685      0x18f ./src/Lpuart.o
                              0x63f2b (size before relaxing)
 .debug_str     0x00079814      0x457 ./src/Pwm_Ftm.o
                              0x69a43 (size before relaxing)
 .debug_str     0x00079c6b      0x3e1 ./src/main.o
                              0x6ee5a (size before relaxing)
 .debug_str     0x0007a04c      0x42c ./src/rtos.o
                              0x71ada (size before relaxing)

.debug_loc      0x00000000     0x9bd8
 .debug_loc     0x00000000       0xeb ./SDK/platform/devices/S32K146/startup/system_S32K146.o
 .debug_loc     0x000000eb       0xec ./SDK/platform/devices/startup.o
 .debug_loc     0x000001d7     0x4ef7 ./SDK/platform/drivers/src/clock/S32K1xx/clock_S32K1xx.o
 .debug_loc     0x000050ce      0x681 ./SDK/platform/drivers/src/interrupt/interrupt_manager.o
 .debug_loc     0x0000574f       0x65 ./SDK/rtos/FreeRTOS/Source/list.o
 .debug_loc     0x000057b4     0x1465 ./SDK/rtos/FreeRTOS/Source/queue.o
 .debug_loc     0x00006c19     0x1e57 ./SDK/rtos/FreeRTOS/Source/tasks.o
 .debug_loc     0x00008a70      0xb6e ./SDK/rtos/FreeRTOS/Source/timers.o
 .debug_loc     0x000095de       0xdc ./SDK/rtos/FreeRTOS/Source/portable/GCC/ARM_CM4F/port.o
 .debug_loc     0x000096ba       0xe6 ./SDK/rtos/FreeRTOS/Source/portable/MemMang/heap_1.o
 .debug_loc     0x000097a0      0x346 ./src/Lpuart.o
 .debug_loc     0x00009ae6       0xb0 ./src/Pwm_Ftm.o
 .debug_loc     0x00009b96       0x42 ./src/rtos.o

.debug_ranges   0x00000000      0xca8
 .debug_ranges  0x00000000       0x20 ./SDK/platform/devices/S32K146/startup/system_S32K146.o
 .debug_ranges  0x00000020       0x10 ./SDK/platform/devices/startup.o
 .debug_ranges  0x00000030      0x3d8 ./SDK/platform/drivers/src/clock/S32K1xx/clock_S32K1xx.o
 .debug_ranges  0x00000408       0x98 ./SDK/platform/drivers/src/interrupt/interrupt_manager.o
 .debug_ranges  0x000004a0       0x30 ./SDK/rtos/FreeRTOS/Source/list.o
 .debug_ranges  0x000004d0      0x260 ./SDK/rtos/FreeRTOS/Source/queue.o
 .debug_ranges  0x00000730      0x298 ./SDK/rtos/FreeRTOS/Source/tasks.o
 .debug_ranges  0x000009c8      0x108 ./SDK/rtos/FreeRTOS/Source/timers.o
 .debug_ranges  0x00000ad0       0x70 ./SDK/rtos/FreeRTOS/Source/portable/GCC/ARM_CM4F/port.o
 .debug_ranges  0x00000b40       0x28 ./SDK/rtos/FreeRTOS/Source/portable/MemMang/heap_1.o
 .debug_ranges  0x00000b68       0x48 ./src/Lpuart.o
 .debug_ranges  0x00000bb0       0x60 ./src/Pwm_Ftm.o
 .debug_ranges  0x00000c10       0x10 ./src/main.o
 .debug_ranges  0x00000c20       0x88 ./src/rtos.o

.debug_macro    0x00000000    0x213cc
 .debug_macro   0x00000000       0xb5 ./SDK/platform/devices/S32K146/startup/system_S32K146.o
 .debug_macro   0x000000b5      0x8da ./SDK/platform/devices/S32K146/startup/system_S32K146.o
 .debug_macro   0x0000098f       0x10 ./SDK/platform/devices/S32K146/startup/system_S32K146.o
 .debug_macro   0x0000099f       0x79 ./SDK/platform/devices/S32K146/startup/system_S32K146.o
 .debug_macro   0x00000a18       0x16 ./SDK/platform/devices/S32K146/startup/system_S32K146.o
 .debug_macro   0x00000a2e       0x22 ./SDK/platform/devices/S32K146/startup/system_S32K146.o
 .debug_macro   0x00000a50       0x56 ./SDK/platform/devices/S32K146/startup/system_S32K146.o
 .debug_macro   0x00000aa6       0x51 ./SDK/platform/devices/S32K146/startup/system_S32K146.o
 .debug_macro   0x00000af7       0xef ./SDK/platform/devices/S32K146/startup/system_S32K146.o
 .debug_macro   0x00000be6       0x6a ./SDK/platform/devices/S32K146/startup/system_S32K146.o
 .debug_macro   0x00000c50      0x1df ./SDK/platform/devices/S32K146/startup/system_S32K146.o
 .debug_macro   0x00000e2f     0xef44 ./SDK/platform/devices/S32K146/startup/system_S32K146.o
 .debug_macro   0x0000fd73      0xbb6 ./SDK/platform/devices/S32K146/startup/system_S32K146.o
 .debug_macro   0x00010929       0x22 ./SDK/platform/devices/S32K146/startup/system_S32K146.o
 .debug_macro   0x0001094b       0x28 ./SDK/platform/devices/S32K146/startup/system_S32K146.o
 .debug_macro   0x00010973       0xb6 ./SDK/platform/devices/startup.o
 .debug_macro   0x00010a29     0xef56 ./SDK/platform/devices/startup.o
 .debug_macro   0x0001f97f       0x40 ./SDK/platform/devices/startup.o
 .debug_macro   0x0001f9bf      0x2af ./SDK/platform/drivers/src/clock/S32K1xx/clock_S32K1xx.o
 .debug_macro   0x0001fc6e      0x16d ./SDK/platform/drivers/src/clock/S32K1xx/clock_S32K1xx.o
 .debug_macro   0x0001fddb       0x16 ./SDK/platform/drivers/src/clock/S32K1xx/clock_S32K1xx.o
 .debug_macro   0x0001fdf1       0x8a ./SDK/platform/drivers/src/clock/S32K1xx/clock_S32K1xx.o
 .debug_macro   0x0001fe7b       0xc9 ./SDK/platform/drivers/src/interrupt/interrupt_manager.o
 .debug_macro   0x0001ff44      0x171 ./SDK/rtos/FreeRTOS/Source/list.o
 .debug_macro   0x000200b5      0x1e7 ./SDK/rtos/FreeRTOS/Source/queue.o
 .debug_macro   0x0002029c       0x16 ./SDK/rtos/FreeRTOS/Source/queue.o
 .debug_macro   0x000202b2       0x35 ./SDK/rtos/FreeRTOS/Source/queue.o
 .debug_macro   0x000202e7       0x80 ./SDK/rtos/FreeRTOS/Source/queue.o
 .debug_macro   0x00020367      0x2a8 ./SDK/rtos/FreeRTOS/Source/tasks.o
 .debug_macro   0x0002060f       0x10 ./SDK/rtos/FreeRTOS/Source/tasks.o
 .debug_macro   0x0002061f       0x1c ./SDK/rtos/FreeRTOS/Source/tasks.o
 .debug_macro   0x0002063b       0x10 ./SDK/rtos/FreeRTOS/Source/tasks.o
 .debug_macro   0x0002064b       0x10 ./SDK/rtos/FreeRTOS/Source/tasks.o
 .debug_macro   0x0002065b       0xb6 ./SDK/rtos/FreeRTOS/Source/tasks.o
 .debug_macro   0x00020711       0x16 ./SDK/rtos/FreeRTOS/Source/tasks.o
 .debug_macro   0x00020727      0x129 ./SDK/rtos/FreeRTOS/Source/tasks.o
 .debug_macro   0x00020850      0x1c6 ./SDK/rtos/FreeRTOS/Source/timers.o
 .debug_macro   0x00020a16       0x97 ./SDK/rtos/FreeRTOS/Source/timers.o
 .debug_macro   0x00020aad      0x196 ./SDK/rtos/FreeRTOS/Source/portable/GCC/ARM_CM4F/port.o
 .debug_macro   0x00020c43      0x192 ./SDK/rtos/FreeRTOS/Source/portable/MemMang/heap_1.o
 .debug_macro   0x00020dd5       0xd8 ./board/clock_config.o
 .debug_macro   0x00020ead       0x16 ./board/clock_config.o
 .debug_macro   0x00020ec3       0x80 ./src/Lpuart.o
 .debug_macro   0x00020f43       0x16 ./src/Lpuart.o
 .debug_macro   0x00020f59       0x92 ./src/Pwm_Ftm.o
 .debug_macro   0x00020feb       0x2e ./src/Pwm_Ftm.o
 .debug_macro   0x00021019      0x15a ./src/main.o
 .debug_macro   0x00021173      0x20d ./src/rtos.o
 .debug_macro   0x00021380       0x4c ./src/rtos.o

.comment        0x00000000       0x7e
 .comment       0x00000000       0x7e ./SDK/platform/devices/S32K146/startup/system_S32K146.o
                                 0x7f (size before relaxing)
 .comment       0x0000007e       0x7f ./SDK/platform/devices/startup.o
 .comment       0x0000007e       0x7f ./SDK/platform/drivers/src/clock/S32K1xx/clock_S32K1xx.o
 .comment       0x0000007e       0x7f ./SDK/platform/drivers/src/interrupt/interrupt_manager.o
 .comment       0x0000007e       0x7f ./SDK/rtos/FreeRTOS/Source/list.o
 .comment       0x0000007e       0x7f ./SDK/rtos/FreeRTOS/Source/queue.o
 .comment       0x0000007e       0x7f ./SDK/rtos/FreeRTOS/Source/tasks.o
 .comment       0x0000007e       0x7f ./SDK/rtos/FreeRTOS/Source/timers.o
 .comment       0x0000007e       0x7f ./SDK/rtos/FreeRTOS/Source/portable/GCC/ARM_CM4F/port.o
 .comment       0x0000007e       0x7f ./SDK/rtos/FreeRTOS/Source/portable/MemMang/heap_1.o
 .comment       0x0000007e       0x7f ./board/clock_config.o
 .comment       0x0000007e       0x7f ./src/Lpuart.o
 .comment       0x0000007e       0x7f ./src/Pwm_Ftm.o
 .comment       0x0000007e       0x7f ./src/main.o
 .comment       0x0000007e       0x7f ./src/rtos.o

.debug_frame    0x00000000     0x14a8
 .debug_frame   0x00000000       0x40 ./SDK/platform/devices/S32K146/startup/system_S32K146.o
 .debug_frame   0x00000040       0x2c ./SDK/platform/devices/startup.o
 .debug_frame   0x0000006c      0x3a4 ./SDK/platform/drivers/src/clock/S32K1xx/clock_S32K1xx.o
 .debug_frame   0x00000410       0xd8 ./SDK/platform/drivers/src/interrupt/interrupt_manager.o
 .debug_frame   0x000004e8       0x6c ./SDK/rtos/FreeRTOS/Source/list.o
 .debug_frame   0x00000554      0x374 ./SDK/rtos/FreeRTOS/Source/queue.o
 .debug_frame   0x000008c8      0x57c ./SDK/rtos/FreeRTOS/Source/tasks.o
 .debug_frame   0x00000e44      0x1f0 ./SDK/rtos/FreeRTOS/Source/timers.o
 .debug_frame   0x00001034      0x100 ./SDK/rtos/FreeRTOS/Source/portable/GCC/ARM_CM4F/port.o
 .debug_frame   0x00001134       0x5c ./SDK/rtos/FreeRTOS/Source/portable/MemMang/heap_1.o
 .debug_frame   0x00001190       0xbc ./src/Lpuart.o
 .debug_frame   0x0000124c       0xc0 ./src/Pwm_Ftm.o
 .debug_frame   0x0000130c       0x28 ./src/main.o
 .debug_frame   0x00001334      0x12c ./src/rtos.o
 .debug_frame   0x00001460       0x28 C:/NXP/S32DS.3.5/S32DS/build_tools/gcc_b1620/gcc-6.3-arm32-eabi/arm-none-eabi/newlib/lib/thumb/v7e-m/fpv4-sp/hard\libc_nano.a(lib_a-memcpy-stub.o)
 .debug_frame   0x00001488       0x20 C:/NXP/S32DS.3.5/S32DS/build_tools/gcc_b1620/gcc-6.3-arm32-eabi/arm-none-eabi/newlib/lib/thumb/v7e-m/fpv4-sp/hard\libc_nano.a(lib_a-memset.o)
